Archive member included to satisfy reference by file (symbol)

c:/program files (x86)/atmel/studio/7.0/toolchain/avr8/avr8-gnu-toolchain/bin/../lib/gcc/avr/5.4.0/avr5\libgcc.a(_udivmodsi4.o)
                              HAL/LCD/LCD_prog.o (__udivmodsi4)
c:/program files (x86)/atmel/studio/7.0/toolchain/avr8/avr8-gnu-toolchain/bin/../lib/gcc/avr/5.4.0/avr5\libgcc.a(_exit.o)
                              C:/Program Files (x86)/Atmel/Studio/7.0/Packs/atmel/ATmega_DFP/1.7.374/gcc/dev/atmega32/avr5/crtatmega32.o (exit)
c:/program files (x86)/atmel/studio/7.0/toolchain/avr8/avr8-gnu-toolchain/bin/../lib/gcc/avr/5.4.0/avr5\libgcc.a(_copy_data.o)
                              APP/main.o (__do_copy_data)
c:/program files (x86)/atmel/studio/7.0/toolchain/avr8/avr8-gnu-toolchain/bin/../lib/gcc/avr/5.4.0/avr5\libgcc.a(_clear_bss.o)
                              APP/main.o (__do_clear_bss)
c:/program files (x86)/atmel/studio/7.0/toolchain/avr8/avr8-gnu-toolchain/bin/../lib/gcc/avr/5.4.0/avr5\libgcc.a(_umulhisi3.o)
                              APP/main.o (__umulhisi3)

Discarded input sections

 .data          0x00000000        0x0 C:/Program Files (x86)/Atmel/Studio/7.0/Packs/atmel/ATmega_DFP/1.7.374/gcc/dev/atmega32/avr5/crtatmega32.o
 .bss           0x00000000        0x0 C:/Program Files (x86)/Atmel/Studio/7.0/Packs/atmel/ATmega_DFP/1.7.374/gcc/dev/atmega32/avr5/crtatmega32.o
 .text          0x00000000        0x0 APP/main.o
 .data          0x00000000        0x0 APP/main.o
 .bss           0x00000000        0x0 APP/main.o
 .text          0x00000000        0x0 HAL/KPD/KPD_prog.o
 .data          0x00000000        0x0 HAL/KPD/KPD_prog.o
 .bss           0x00000000        0x0 HAL/KPD/KPD_prog.o
 .text.KPD_voidInit
                0x00000000       0x7a HAL/KPD/KPD_prog.o
 .rodata        0x00000000        0x9 HAL/KPD/KPD_prog.o
 .text.KPD_u8_GetKey
                0x00000000       0xfa HAL/KPD/KPD_prog.o
 .debug_info    0x00000000      0x392 HAL/KPD/KPD_prog.o
 .debug_abbrev  0x00000000      0x101 HAL/KPD/KPD_prog.o
 .debug_loc     0x00000000      0x146 HAL/KPD/KPD_prog.o
 .debug_aranges
                0x00000000       0x28 HAL/KPD/KPD_prog.o
 .debug_ranges  0x00000000       0x18 HAL/KPD/KPD_prog.o
 .debug_line    0x00000000      0x16d HAL/KPD/KPD_prog.o
 .debug_str     0x00000000      0x271 HAL/KPD/KPD_prog.o
 .comment       0x00000000       0x31 HAL/KPD/KPD_prog.o
 .debug_frame   0x00000000       0x6c HAL/KPD/KPD_prog.o
 .text          0x00000000        0x0 HAL/LCD/LCD_prog.o
 .data          0x00000000        0x0 HAL/LCD/LCD_prog.o
 .bss           0x00000000        0x0 HAL/LCD/LCD_prog.o
 .text.LCD_voidDrawData
                0x00000000       0x54 HAL/LCD/LCD_prog.o
 .text          0x00000000        0x0 HAL/LED/LED_prog.o
 .data          0x00000000        0x0 HAL/LED/LED_prog.o
 .bss           0x00000000        0x0 HAL/LED/LED_prog.o
 .text.LED_voidoff
                0x00000000       0x1e HAL/LED/LED_prog.o
 .text.LED_voidToggle
                0x00000000       0x1c HAL/LED/LED_prog.o
 .text          0x00000000        0x0 HAL/SSD/SSD_prog.o
 .data          0x00000000        0x0 HAL/SSD/SSD_prog.o
 .bss           0x00000000        0x0 HAL/SSD/SSD_prog.o
 .text.SSD_voidDisplayNum
                0x00000000       0x34 HAL/SSD/SSD_prog.o
 .data.ssd      0x00000000        0xa HAL/SSD/SSD_prog.o
 .debug_info    0x00000000      0x1c5 HAL/SSD/SSD_prog.o
 .debug_abbrev  0x00000000       0xc8 HAL/SSD/SSD_prog.o
 .debug_loc     0x00000000       0x4e HAL/SSD/SSD_prog.o
 .debug_aranges
                0x00000000       0x20 HAL/SSD/SSD_prog.o
 .debug_ranges  0x00000000       0x10 HAL/SSD/SSD_prog.o
 .debug_line    0x00000000       0xb1 HAL/SSD/SSD_prog.o
 .debug_str     0x00000000      0x24c HAL/SSD/SSD_prog.o
 .comment       0x00000000       0x31 HAL/SSD/SSD_prog.o
 .debug_frame   0x00000000       0x2c HAL/SSD/SSD_prog.o
 .text          0x00000000        0x0 MCAL/ADC/ADC_prog.o
 .data          0x00000000        0x0 MCAL/ADC/ADC_prog.o
 .bss           0x00000000        0x0 MCAL/ADC/ADC_prog.o
 .text.ADC_voidInit
                0x00000000       0x20 MCAL/ADC/ADC_prog.o
 .text.ADC_u16ReadChannel
                0x00000000       0x1c MCAL/ADC/ADC_prog.o
 .text.ADC_voidReadChannel_Interrupt
                0x00000000       0x1a MCAL/ADC/ADC_prog.o
 .text.ADC_voidInit_Interrupt
                0x00000000       0x26 MCAL/ADC/ADC_prog.o
 .text.ADC_CallBack
                0x00000000        0xa MCAL/ADC/ADC_prog.o
 .text          0x00000000        0x0 MCAL/DIO/DIO_prog.o
 .data          0x00000000        0x0 MCAL/DIO/DIO_prog.o
 .bss           0x00000000        0x0 MCAL/DIO/DIO_prog.o
 .text.DIO_voidTogglePinVal
                0x00000000       0x68 MCAL/DIO/DIO_prog.o
 .text.DIO_voidSetPortVal
                0x00000000       0x20 MCAL/DIO/DIO_prog.o
 .text          0x00000000        0x0 MCAL/EXTI/EXTI_prog.o
 .data          0x00000000        0x0 MCAL/EXTI/EXTI_prog.o
 .bss           0x00000000        0x0 MCAL/EXTI/EXTI_prog.o
 .text.EXTI_voidInit
                0x00000000       0xb6 MCAL/EXTI/EXTI_prog.o
 .text.EXTI0_voidEnable
                0x00000000        0x8 MCAL/EXTI/EXTI_prog.o
 .text.EXTI0_voidDisable
                0x00000000        0x8 MCAL/EXTI/EXTI_prog.o
 .text.EXTI1_voidEnable
                0x00000000        0x8 MCAL/EXTI/EXTI_prog.o
 .text.EXTI1_voidDisable
                0x00000000        0x8 MCAL/EXTI/EXTI_prog.o
 .text.EXTI2_voidEnable
                0x00000000        0x8 MCAL/EXTI/EXTI_prog.o
 .text.EXTI2_voidDisable
                0x00000000        0x8 MCAL/EXTI/EXTI_prog.o
 .text.EXTI_CallBack
                0x00000000       0x2a MCAL/EXTI/EXTI_prog.o
 .text          0x00000000        0x0 MCAL/GI/GI_prog.o
 .data          0x00000000        0x0 MCAL/GI/GI_prog.o
 .bss           0x00000000        0x0 MCAL/GI/GI_prog.o
 .text.GI_voidDisable
                0x00000000        0x8 MCAL/GI/GI_prog.o
 .text          0x00000000        0x0 MCAL/TIM0/TIM0_prog.o
 .data          0x00000000        0x0 MCAL/TIM0/TIM0_prog.o
 .bss           0x00000000        0x0 MCAL/TIM0/TIM0_prog.o
 .text          0x00000000        0x0 c:/program files (x86)/atmel/studio/7.0/toolchain/avr8/avr8-gnu-toolchain/bin/../lib/gcc/avr/5.4.0/avr5\libgcc.a(_udivmodsi4.o)
 .data          0x00000000        0x0 c:/program files (x86)/atmel/studio/7.0/toolchain/avr8/avr8-gnu-toolchain/bin/../lib/gcc/avr/5.4.0/avr5\libgcc.a(_udivmodsi4.o)
 .bss           0x00000000        0x0 c:/program files (x86)/atmel/studio/7.0/toolchain/avr8/avr8-gnu-toolchain/bin/../lib/gcc/avr/5.4.0/avr5\libgcc.a(_udivmodsi4.o)
 .text.libgcc.mul
                0x00000000        0x0 c:/program files (x86)/atmel/studio/7.0/toolchain/avr8/avr8-gnu-toolchain/bin/../lib/gcc/avr/5.4.0/avr5\libgcc.a(_udivmodsi4.o)
 .text.libgcc   0x00000000        0x0 c:/program files (x86)/atmel/studio/7.0/toolchain/avr8/avr8-gnu-toolchain/bin/../lib/gcc/avr/5.4.0/avr5\libgcc.a(_udivmodsi4.o)
 .text.libgcc.prologue
                0x00000000        0x0 c:/program files (x86)/atmel/studio/7.0/toolchain/avr8/avr8-gnu-toolchain/bin/../lib/gcc/avr/5.4.0/avr5\libgcc.a(_udivmodsi4.o)
 .text.libgcc.builtins
                0x00000000        0x0 c:/program files (x86)/atmel/studio/7.0/toolchain/avr8/avr8-gnu-toolchain/bin/../lib/gcc/avr/5.4.0/avr5\libgcc.a(_udivmodsi4.o)
 .text.libgcc.fmul
                0x00000000        0x0 c:/program files (x86)/atmel/studio/7.0/toolchain/avr8/avr8-gnu-toolchain/bin/../lib/gcc/avr/5.4.0/avr5\libgcc.a(_udivmodsi4.o)
 .text.libgcc.fixed
                0x00000000        0x0 c:/program files (x86)/atmel/studio/7.0/toolchain/avr8/avr8-gnu-toolchain/bin/../lib/gcc/avr/5.4.0/avr5\libgcc.a(_udivmodsi4.o)
 .text          0x00000000        0x0 c:/program files (x86)/atmel/studio/7.0/toolchain/avr8/avr8-gnu-toolchain/bin/../lib/gcc/avr/5.4.0/avr5\libgcc.a(_exit.o)
 .data          0x00000000        0x0 c:/program files (x86)/atmel/studio/7.0/toolchain/avr8/avr8-gnu-toolchain/bin/../lib/gcc/avr/5.4.0/avr5\libgcc.a(_exit.o)
 .bss           0x00000000        0x0 c:/program files (x86)/atmel/studio/7.0/toolchain/avr8/avr8-gnu-toolchain/bin/../lib/gcc/avr/5.4.0/avr5\libgcc.a(_exit.o)
 .text.libgcc.mul
                0x00000000        0x0 c:/program files (x86)/atmel/studio/7.0/toolchain/avr8/avr8-gnu-toolchain/bin/../lib/gcc/avr/5.4.0/avr5\libgcc.a(_exit.o)
 .text.libgcc.div
                0x00000000        0x0 c:/program files (x86)/atmel/studio/7.0/toolchain/avr8/avr8-gnu-toolchain/bin/../lib/gcc/avr/5.4.0/avr5\libgcc.a(_exit.o)
 .text.libgcc   0x00000000        0x0 c:/program files (x86)/atmel/studio/7.0/toolchain/avr8/avr8-gnu-toolchain/bin/../lib/gcc/avr/5.4.0/avr5\libgcc.a(_exit.o)
 .text.libgcc.prologue
                0x00000000        0x0 c:/program files (x86)/atmel/studio/7.0/toolchain/avr8/avr8-gnu-toolchain/bin/../lib/gcc/avr/5.4.0/avr5\libgcc.a(_exit.o)
 .text.libgcc.builtins
                0x00000000        0x0 c:/program files (x86)/atmel/studio/7.0/toolchain/avr8/avr8-gnu-toolchain/bin/../lib/gcc/avr/5.4.0/avr5\libgcc.a(_exit.o)
 .text.libgcc.fmul
                0x00000000        0x0 c:/program files (x86)/atmel/studio/7.0/toolchain/avr8/avr8-gnu-toolchain/bin/../lib/gcc/avr/5.4.0/avr5\libgcc.a(_exit.o)
 .text.libgcc.fixed
                0x00000000        0x0 c:/program files (x86)/atmel/studio/7.0/toolchain/avr8/avr8-gnu-toolchain/bin/../lib/gcc/avr/5.4.0/avr5\libgcc.a(_exit.o)
 .text          0x00000000        0x0 c:/program files (x86)/atmel/studio/7.0/toolchain/avr8/avr8-gnu-toolchain/bin/../lib/gcc/avr/5.4.0/avr5\libgcc.a(_copy_data.o)
 .data          0x00000000        0x0 c:/program files (x86)/atmel/studio/7.0/toolchain/avr8/avr8-gnu-toolchain/bin/../lib/gcc/avr/5.4.0/avr5\libgcc.a(_copy_data.o)
 .bss           0x00000000        0x0 c:/program files (x86)/atmel/studio/7.0/toolchain/avr8/avr8-gnu-toolchain/bin/../lib/gcc/avr/5.4.0/avr5\libgcc.a(_copy_data.o)
 .text.libgcc.mul
                0x00000000        0x0 c:/program files (x86)/atmel/studio/7.0/toolchain/avr8/avr8-gnu-toolchain/bin/../lib/gcc/avr/5.4.0/avr5\libgcc.a(_copy_data.o)
 .text.libgcc.div
                0x00000000        0x0 c:/program files (x86)/atmel/studio/7.0/toolchain/avr8/avr8-gnu-toolchain/bin/../lib/gcc/avr/5.4.0/avr5\libgcc.a(_copy_data.o)
 .text.libgcc   0x00000000        0x0 c:/program files (x86)/atmel/studio/7.0/toolchain/avr8/avr8-gnu-toolchain/bin/../lib/gcc/avr/5.4.0/avr5\libgcc.a(_copy_data.o)
 .text.libgcc.prologue
                0x00000000        0x0 c:/program files (x86)/atmel/studio/7.0/toolchain/avr8/avr8-gnu-toolchain/bin/../lib/gcc/avr/5.4.0/avr5\libgcc.a(_copy_data.o)
 .text.libgcc.builtins
                0x00000000        0x0 c:/program files (x86)/atmel/studio/7.0/toolchain/avr8/avr8-gnu-toolchain/bin/../lib/gcc/avr/5.4.0/avr5\libgcc.a(_copy_data.o)
 .text.libgcc.fmul
                0x00000000        0x0 c:/program files (x86)/atmel/studio/7.0/toolchain/avr8/avr8-gnu-toolchain/bin/../lib/gcc/avr/5.4.0/avr5\libgcc.a(_copy_data.o)
 .text.libgcc.fixed
                0x00000000        0x0 c:/program files (x86)/atmel/studio/7.0/toolchain/avr8/avr8-gnu-toolchain/bin/../lib/gcc/avr/5.4.0/avr5\libgcc.a(_copy_data.o)
 .text          0x00000000        0x0 c:/program files (x86)/atmel/studio/7.0/toolchain/avr8/avr8-gnu-toolchain/bin/../lib/gcc/avr/5.4.0/avr5\libgcc.a(_clear_bss.o)
 .data          0x00000000        0x0 c:/program files (x86)/atmel/studio/7.0/toolchain/avr8/avr8-gnu-toolchain/bin/../lib/gcc/avr/5.4.0/avr5\libgcc.a(_clear_bss.o)
 .bss           0x00000000        0x0 c:/program files (x86)/atmel/studio/7.0/toolchain/avr8/avr8-gnu-toolchain/bin/../lib/gcc/avr/5.4.0/avr5\libgcc.a(_clear_bss.o)
 .text.libgcc.mul
                0x00000000        0x0 c:/program files (x86)/atmel/studio/7.0/toolchain/avr8/avr8-gnu-toolchain/bin/../lib/gcc/avr/5.4.0/avr5\libgcc.a(_clear_bss.o)
 .text.libgcc.div
                0x00000000        0x0 c:/program files (x86)/atmel/studio/7.0/toolchain/avr8/avr8-gnu-toolchain/bin/../lib/gcc/avr/5.4.0/avr5\libgcc.a(_clear_bss.o)
 .text.libgcc   0x00000000        0x0 c:/program files (x86)/atmel/studio/7.0/toolchain/avr8/avr8-gnu-toolchain/bin/../lib/gcc/avr/5.4.0/avr5\libgcc.a(_clear_bss.o)
 .text.libgcc.prologue
                0x00000000        0x0 c:/program files (x86)/atmel/studio/7.0/toolchain/avr8/avr8-gnu-toolchain/bin/../lib/gcc/avr/5.4.0/avr5\libgcc.a(_clear_bss.o)
 .text.libgcc.builtins
                0x00000000        0x0 c:/program files (x86)/atmel/studio/7.0/toolchain/avr8/avr8-gnu-toolchain/bin/../lib/gcc/avr/5.4.0/avr5\libgcc.a(_clear_bss.o)
 .text.libgcc.fmul
                0x00000000        0x0 c:/program files (x86)/atmel/studio/7.0/toolchain/avr8/avr8-gnu-toolchain/bin/../lib/gcc/avr/5.4.0/avr5\libgcc.a(_clear_bss.o)
 .text.libgcc.fixed
                0x00000000        0x0 c:/program files (x86)/atmel/studio/7.0/toolchain/avr8/avr8-gnu-toolchain/bin/../lib/gcc/avr/5.4.0/avr5\libgcc.a(_clear_bss.o)
 .text          0x00000000        0x0 c:/program files (x86)/atmel/studio/7.0/toolchain/avr8/avr8-gnu-toolchain/bin/../lib/gcc/avr/5.4.0/avr5\libgcc.a(_umulhisi3.o)
 .data          0x00000000        0x0 c:/program files (x86)/atmel/studio/7.0/toolchain/avr8/avr8-gnu-toolchain/bin/../lib/gcc/avr/5.4.0/avr5\libgcc.a(_umulhisi3.o)
 .bss           0x00000000        0x0 c:/program files (x86)/atmel/studio/7.0/toolchain/avr8/avr8-gnu-toolchain/bin/../lib/gcc/avr/5.4.0/avr5\libgcc.a(_umulhisi3.o)
 .text.libgcc.div
                0x00000000        0x0 c:/program files (x86)/atmel/studio/7.0/toolchain/avr8/avr8-gnu-toolchain/bin/../lib/gcc/avr/5.4.0/avr5\libgcc.a(_umulhisi3.o)
 .text.libgcc   0x00000000        0x0 c:/program files (x86)/atmel/studio/7.0/toolchain/avr8/avr8-gnu-toolchain/bin/../lib/gcc/avr/5.4.0/avr5\libgcc.a(_umulhisi3.o)
 .text.libgcc.prologue
                0x00000000        0x0 c:/program files (x86)/atmel/studio/7.0/toolchain/avr8/avr8-gnu-toolchain/bin/../lib/gcc/avr/5.4.0/avr5\libgcc.a(_umulhisi3.o)
 .text.libgcc.builtins
                0x00000000        0x0 c:/program files (x86)/atmel/studio/7.0/toolchain/avr8/avr8-gnu-toolchain/bin/../lib/gcc/avr/5.4.0/avr5\libgcc.a(_umulhisi3.o)
 .text.libgcc.fmul
                0x00000000        0x0 c:/program files (x86)/atmel/studio/7.0/toolchain/avr8/avr8-gnu-toolchain/bin/../lib/gcc/avr/5.4.0/avr5\libgcc.a(_umulhisi3.o)
 .text.libgcc.fixed
                0x00000000        0x0 c:/program files (x86)/atmel/studio/7.0/toolchain/avr8/avr8-gnu-toolchain/bin/../lib/gcc/avr/5.4.0/avr5\libgcc.a(_umulhisi3.o)

Memory Configuration

Name             Origin             Length             Attributes
text             0x00000000         0x00008000         xr
data             0x00800060         0x00000800         rw !x
eeprom           0x00810000         0x00000400         rw !x
fuse             0x00820000         0x00000002         rw !x
lock             0x00830000         0x00000400         rw !x
signature        0x00840000         0x00000400         rw !x
user_signatures  0x00850000         0x00000400         rw !x
*default*        0x00000000         0xffffffff

Linker script and memory map

LOAD C:/Program Files (x86)/Atmel/Studio/7.0/Packs/atmel/ATmega_DFP/1.7.374/gcc/dev/atmega32/avr5/crtatmega32.o
LOAD APP/main.o
LOAD HAL/KPD/KPD_prog.o
LOAD HAL/LCD/LCD_prog.o
LOAD HAL/LED/LED_prog.o
LOAD HAL/SSD/SSD_prog.o
LOAD MCAL/ADC/ADC_prog.o
LOAD MCAL/DIO/DIO_prog.o
LOAD MCAL/EXTI/EXTI_prog.o
LOAD MCAL/GI/GI_prog.o
LOAD MCAL/TIM0/TIM0_prog.o
START GROUP
LOAD c:/program files (x86)/atmel/studio/7.0/toolchain/avr8/avr8-gnu-toolchain/bin/../lib/gcc/avr/5.4.0/../../../../avr/lib/avr5\libm.a
END GROUP
START GROUP
LOAD c:/program files (x86)/atmel/studio/7.0/toolchain/avr8/avr8-gnu-toolchain/bin/../lib/gcc/avr/5.4.0/avr5\libgcc.a
LOAD c:/program files (x86)/atmel/studio/7.0/toolchain/avr8/avr8-gnu-toolchain/bin/../lib/gcc/avr/5.4.0/../../../../avr/lib/avr5\libm.a
LOAD c:/program files (x86)/atmel/studio/7.0/toolchain/avr8/avr8-gnu-toolchain/bin/../lib/gcc/avr/5.4.0/../../../../avr/lib/avr5\libc.a
LOAD C:/Program Files (x86)/Atmel/Studio/7.0/Packs/atmel/ATmega_DFP/1.7.374/gcc/dev/atmega32/avr5\libatmega32.a
END GROUP
                0x00000000                __TEXT_REGION_ORIGIN__ = DEFINED (__TEXT_REGION_ORIGIN__)?__TEXT_REGION_ORIGIN__:0x0
                [0x00800060]                __DATA_REGION_ORIGIN__ = DEFINED (__DATA_REGION_ORIGIN__)?__DATA_REGION_ORIGIN__:0x800060
                [0x00008000]                __TEXT_REGION_LENGTH__ = DEFINED (__TEXT_REGION_LENGTH__)?__TEXT_REGION_LENGTH__:0x20000
                [0x00000800]                __DATA_REGION_LENGTH__ = DEFINED (__DATA_REGION_LENGTH__)?__DATA_REGION_LENGTH__:0xffa0
                [0x00000400]                __EEPROM_REGION_LENGTH__ = DEFINED (__EEPROM_REGION_LENGTH__)?__EEPROM_REGION_LENGTH__:0x10000
                [0x00000002]                __FUSE_REGION_LENGTH__ = DEFINED (__FUSE_REGION_LENGTH__)?__FUSE_REGION_LENGTH__:0x400
                0x00000400                __LOCK_REGION_LENGTH__ = DEFINED (__LOCK_REGION_LENGTH__)?__LOCK_REGION_LENGTH__:0x400
                0x00000400                __SIGNATURE_REGION_LENGTH__ = DEFINED (__SIGNATURE_REGION_LENGTH__)?__SIGNATURE_REGION_LENGTH__:0x400
                0x00000400                __USER_SIGNATURE_REGION_LENGTH__ = DEFINED (__USER_SIGNATURE_REGION_LENGTH__)?__USER_SIGNATURE_REGION_LENGTH__:0x400

.hash
 *(.hash)

.dynsym
 *(.dynsym)

.dynstr
 *(.dynstr)

.gnu.version
 *(.gnu.version)

.gnu.version_d
 *(.gnu.version_d)

.gnu.version_r
 *(.gnu.version_r)

.rel.init
 *(.rel.init)

.rela.init
 *(.rela.init)

.rel.text
 *(.rel.text)
 *(.rel.text.*)
 *(.rel.gnu.linkonce.t*)

.rela.text
 *(.rela.text)
 *(.rela.text.*)
 *(.rela.gnu.linkonce.t*)

.rel.fini
 *(.rel.fini)

.rela.fini
 *(.rela.fini)

.rel.rodata
 *(.rel.rodata)
 *(.rel.rodata.*)
 *(.rel.gnu.linkonce.r*)

.rela.rodata
 *(.rela.rodata)
 *(.rela.rodata.*)
 *(.rela.gnu.linkonce.r*)

.rel.data
 *(.rel.data)
 *(.rel.data.*)
 *(.rel.gnu.linkonce.d*)

.rela.data
 *(.rela.data)
 *(.rela.data.*)
 *(.rela.gnu.linkonce.d*)

.rel.ctors
 *(.rel.ctors)

.rela.ctors
 *(.rela.ctors)

.rel.dtors
 *(.rel.dtors)

.rela.dtors
 *(.rela.dtors)

.rel.got
 *(.rel.got)

.rela.got
 *(.rela.got)

.rel.bss
 *(.rel.bss)

.rela.bss
 *(.rela.bss)

.rel.plt
 *(.rel.plt)

.rela.plt
 *(.rela.plt)

.text           0x00000000      0xb6e
 *(.vectors)
 .vectors       0x00000000       0x54 C:/Program Files (x86)/Atmel/Studio/7.0/Packs/atmel/ATmega_DFP/1.7.374/gcc/dev/atmega32/avr5/crtatmega32.o
                0x00000000                __vector_default
                0x00000000                __vectors
 *(.vectors)
 *(.progmem.gcc*)
                0x00000054                . = ALIGN (0x2)
                0x00000054                __trampolines_start = .
 *(.trampolines)
 .trampolines   0x00000054        0x0 linker stubs
 *(.trampolines*)
                0x00000054                __trampolines_end = .
 *libprintf_flt.a:*(.progmem.data)
 *libc.a:*(.progmem.data)
 *(.progmem*)
                0x00000054                . = ALIGN (0x2)
 *(.jumptables)
 *(.jumptables*)
 *(.lowtext)
 *(.lowtext*)
                0x00000054                __ctors_start = .
 *(.ctors)
                0x00000054                __ctors_end = .
                0x00000054                __dtors_start = .
 *(.dtors)
                0x00000054                __dtors_end = .
 SORT(*)(.ctors)
 SORT(*)(.dtors)
 *(.init0)
 .init0         0x00000054        0x0 C:/Program Files (x86)/Atmel/Studio/7.0/Packs/atmel/ATmega_DFP/1.7.374/gcc/dev/atmega32/avr5/crtatmega32.o
                0x00000054                __init
 *(.init0)
 *(.init1)
 *(.init1)
 *(.init2)
 .init2         0x00000054        0xc C:/Program Files (x86)/Atmel/Studio/7.0/Packs/atmel/ATmega_DFP/1.7.374/gcc/dev/atmega32/avr5/crtatmega32.o
 *(.init2)
 *(.init3)
 *(.init3)
 *(.init4)
 .init4         0x00000060       0x16 c:/program files (x86)/atmel/studio/7.0/toolchain/avr8/avr8-gnu-toolchain/bin/../lib/gcc/avr/5.4.0/avr5\libgcc.a(_copy_data.o)
                0x00000060                __do_copy_data
 .init4         0x00000076       0x10 c:/program files (x86)/atmel/studio/7.0/toolchain/avr8/avr8-gnu-toolchain/bin/../lib/gcc/avr/5.4.0/avr5\libgcc.a(_clear_bss.o)
                0x00000076                __do_clear_bss
 *(.init4)
 *(.init5)
 *(.init5)
 *(.init6)
 *(.init6)
 *(.init7)
 *(.init7)
 *(.init8)
 *(.init8)
 *(.init9)
 .init9         0x00000086        0x8 C:/Program Files (x86)/Atmel/Studio/7.0/Packs/atmel/ATmega_DFP/1.7.374/gcc/dev/atmega32/avr5/crtatmega32.o
 *(.init9)
 *(.text)
 .text          0x0000008e        0x4 C:/Program Files (x86)/Atmel/Studio/7.0/Packs/atmel/ATmega_DFP/1.7.374/gcc/dev/atmega32/avr5/crtatmega32.o
                0x0000008e                __vector_12
                0x0000008e                __bad_interrupt
                0x0000008e                __vector_6
                0x0000008e                __vector_11
                0x0000008e                __vector_13
                0x0000008e                __vector_17
                0x0000008e                __vector_19
                0x0000008e                __vector_7
                0x0000008e                __vector_5
                0x0000008e                __vector_4
                0x0000008e                __vector_9
                0x0000008e                __vector_15
                0x0000008e                __vector_8
                0x0000008e                __vector_14
                0x0000008e                __vector_18
                0x0000008e                __vector_20
                0x00000092                . = ALIGN (0x2)
 *(.text.*)
 .text.alarm_display
                0x00000092      0x1da APP/main.o
                0x00000092                alarm_display
 .text.TIM0_app
                0x0000026c       0xb0 APP/main.o
                0x0000026c                TIM0_app
 .text.main     0x0000031c      0x120 APP/main.o
                0x0000031c                main
 .text.LCD_voidSHD
                0x0000043c       0x64 HAL/LCD/LCD_prog.o
 .text.LCD_voidSendEnablePulse
                0x000004a0       0x22 HAL/LCD/LCD_prog.o
 .text.LCD_voidSendCommand
                0x000004c2       0x34 HAL/LCD/LCD_prog.o
                0x000004c2                LCD_voidSendCommand
 .text.LCD_voidInit
                0x000004f6       0x3e HAL/LCD/LCD_prog.o
                0x000004f6                LCD_voidInit
 .text.LCD_voidSendData
                0x00000534       0x34 HAL/LCD/LCD_prog.o
                0x00000534                LCD_voidSendData
 .text.LCD_voidstring
                0x00000568       0x26 HAL/LCD/LCD_prog.o
                0x00000568                LCD_voidstring
 .text.LCD_voidSendNumber
                0x0000058e      0x116 HAL/LCD/LCD_prog.o
                0x0000058e                LCD_voidSendNumber
 .text.LCD_voidGotoXY
                0x000006a4       0x10 HAL/LCD/LCD_prog.o
                0x000006a4                LCD_voidGotoXY
 .text.LED_voidon
                0x000006b4       0x1e HAL/LED/LED_prog.o
                0x000006b4                LED_voidon
 .text.__vector_16
                0x000006d2       0x4e MCAL/ADC/ADC_prog.o
                0x000006d2                __vector_16
 .text.DIO_voidSetPinDir
                0x00000720       0xe0 MCAL/DIO/DIO_prog.o
                0x00000720                DIO_voidSetPinDir
 .text.DIO_voidSetPinVal
                0x00000800       0xe0 MCAL/DIO/DIO_prog.o
                0x00000800                DIO_voidSetPinVal
 .text.DIO_u8ReadPinVal
                0x000008e0       0x5c MCAL/DIO/DIO_prog.o
                0x000008e0                DIO_u8ReadPinVal
 .text.DIO_voidSetPortDir
                0x0000093c       0x20 MCAL/DIO/DIO_prog.o
                0x0000093c                DIO_voidSetPortDir
 .text.__vector_1
                0x0000095c       0x4e MCAL/EXTI/EXTI_prog.o
                0x0000095c                __vector_1
 .text.__vector_2
                0x000009aa       0x4e MCAL/EXTI/EXTI_prog.o
                0x000009aa                __vector_2
 .text.__vector_3
                0x000009f8       0x4e MCAL/EXTI/EXTI_prog.o
                0x000009f8                __vector_3
 .text.GI_voidEnable
                0x00000a46        0x8 MCAL/GI/GI_prog.o
                0x00000a46                GI_voidEnable
 .text.TIM0_voidInit
                0x00000a4e       0x4e MCAL/TIM0/TIM0_prog.o
                0x00000a4e                TIM0_voidInit
 .text.TIM0_voidSetCallBack
                0x00000a9c       0x1e MCAL/TIM0/TIM0_prog.o
                0x00000a9c                TIM0_voidSetCallBack
 .text.__vector_10
                0x00000aba       0x4e MCAL/TIM0/TIM0_prog.o
                0x00000aba                __vector_10
 .text.libgcc.div
                0x00000b08       0x44 c:/program files (x86)/atmel/studio/7.0/toolchain/avr8/avr8-gnu-toolchain/bin/../lib/gcc/avr/5.4.0/avr5\libgcc.a(_udivmodsi4.o)
                0x00000b08                __udivmodsi4
 .text.libgcc.mul
                0x00000b4c       0x1e c:/program files (x86)/atmel/studio/7.0/toolchain/avr8/avr8-gnu-toolchain/bin/../lib/gcc/avr/5.4.0/avr5\libgcc.a(_umulhisi3.o)
                0x00000b4c                __umulhisi3
                0x00000b6a                . = ALIGN (0x2)
 *(.fini9)
 .fini9         0x00000b6a        0x0 c:/program files (x86)/atmel/studio/7.0/toolchain/avr8/avr8-gnu-toolchain/bin/../lib/gcc/avr/5.4.0/avr5\libgcc.a(_exit.o)
                0x00000b6a                _exit
                0x00000b6a                exit
 *(.fini9)
 *(.fini8)
 *(.fini8)
 *(.fini7)
 *(.fini7)
 *(.fini6)
 *(.fini6)
 *(.fini5)
 *(.fini5)
 *(.fini4)
 *(.fini4)
 *(.fini3)
 *(.fini3)
 *(.fini2)
 *(.fini2)
 *(.fini1)
 *(.fini1)
 *(.fini0)
 .fini0         0x00000b6a        0x4 c:/program files (x86)/atmel/studio/7.0/toolchain/avr8/avr8-gnu-toolchain/bin/../lib/gcc/avr/5.4.0/avr5\libgcc.a(_exit.o)
 *(.fini0)
                0x00000b6e                _etext = .

.data           0x00800060        0x2 load address 0x00000b6e
                0x00800060                PROVIDE (__data_start, .)
 *(.data)
 *(.data*)
 *(.gnu.linkonce.d*)
 *(.rodata)
 *(.rodata*)
 .rodata.str1.1
                0x00800060        0x2 APP/main.o
 *(.gnu.linkonce.r*)
                0x00800062                . = ALIGN (0x2)
                0x00800062                _edata = .
                0x00800062                PROVIDE (__data_end, .)

.bss            0x00800062       0x12
                0x00800062                PROVIDE (__bss_start, .)
 *(.bss)
 *(.bss*)
 .bss.count.1840
                0x00800062        0x2 APP/main.o
 .bss.Time1     0x00800064        0x2 APP/main.o
                0x00800064                Time1
 .bss.Time      0x00800066        0x2 APP/main.o
                0x00800066                Time
 .bss.ADC_PTR   0x00800068        0x2 MCAL/ADC/ADC_prog.o
                0x00800068                ADC_PTR
 .bss.EXPTR     0x0080006a        0x6 MCAL/EXTI/EXTI_prog.o
                0x0080006a                EXPTR
 .bss.TIM0_PTR  0x00800070        0x4 MCAL/TIM0/TIM0_prog.o
                0x00800070                TIM0_PTR
 *(COMMON)
                0x00800074                PROVIDE (__bss_end, .)
                0x00000b6e                __data_load_start = LOADADDR (.data)
                0x00000b70                __data_load_end = (__data_load_start + SIZEOF (.data))

.noinit         0x00800074        0x0
                [!provide]                PROVIDE (__noinit_start, .)
 *(.noinit*)
                [!provide]                PROVIDE (__noinit_end, .)
                0x00800074                _end = .
                [!provide]                PROVIDE (__heap_start, .)

.eeprom         0x00810000        0x0
 *(.eeprom*)
                0x00810000                __eeprom_end = .

.fuse
 *(.fuse)
 *(.lfuse)
 *(.hfuse)
 *(.efuse)

.lock
 *(.lock*)

.signature
 *(.signature*)

.user_signatures
 *(.user_signatures*)

.stab
 *(.stab)

.stabstr
 *(.stabstr)

.stab.excl
 *(.stab.excl)

.stab.exclstr
 *(.stab.exclstr)

.stab.index
 *(.stab.index)

.stab.indexstr
 *(.stab.indexstr)

.comment        0x00000000       0x30
 *(.comment)
 .comment       0x00000000       0x30 APP/main.o
                                 0x31 (size before relaxing)
 .comment       0x00000030       0x31 HAL/LCD/LCD_prog.o
 .comment       0x00000030       0x31 HAL/LED/LED_prog.o
 .comment       0x00000030       0x31 MCAL/ADC/ADC_prog.o
 .comment       0x00000030       0x31 MCAL/DIO/DIO_prog.o
 .comment       0x00000030       0x31 MCAL/EXTI/EXTI_prog.o
 .comment       0x00000030       0x31 MCAL/GI/GI_prog.o
 .comment       0x00000030       0x31 MCAL/TIM0/TIM0_prog.o

.note.gnu.avr.deviceinfo
                0x00000000       0x3c
 .note.gnu.avr.deviceinfo
                0x00000000       0x3c C:/Program Files (x86)/Atmel/Studio/7.0/Packs/atmel/ATmega_DFP/1.7.374/gcc/dev/atmega32/avr5/crtatmega32.o

.note.gnu.build-id
 *(.note.gnu.build-id)

.debug
 *(.debug)

.line
 *(.line)

.debug_srcinfo
 *(.debug_srcinfo)

.debug_sfnames
 *(.debug_sfnames)

.debug_aranges  0x00000000      0x218
 *(.debug_aranges)
 .debug_aranges
                0x00000000       0x30 APP/main.o
 .debug_aranges
                0x00000030       0x60 HAL/LCD/LCD_prog.o
 .debug_aranges
                0x00000090       0x30 HAL/LED/LED_prog.o
 .debug_aranges
                0x000000c0       0x48 MCAL/ADC/ADC_prog.o
 .debug_aranges
                0x00000108       0x48 MCAL/DIO/DIO_prog.o
 .debug_aranges
                0x00000150       0x70 MCAL/EXTI/EXTI_prog.o
 .debug_aranges
                0x000001c0       0x28 MCAL/GI/GI_prog.o
 .debug_aranges
                0x000001e8       0x30 MCAL/TIM0/TIM0_prog.o

.debug_pubnames
 *(.debug_pubnames)

.debug_info     0x00000000     0x1cb7
 *(.debug_info .gnu.linkonce.wi.*)
 .debug_info    0x00000000      0x4e6 C:/Program Files (x86)/Atmel/Studio/7.0/Packs/atmel/ATmega_DFP/1.7.374/gcc/dev/atmega32/avr5/crtatmega32.o
 .debug_info    0x000004e6      0x816 APP/main.o
 .debug_info    0x00000cfc      0x6af HAL/LCD/LCD_prog.o
 .debug_info    0x000013ab      0x1f5 HAL/LED/LED_prog.o
 .debug_info    0x000015a0      0x164 MCAL/ADC/ADC_prog.o
 .debug_info    0x00001704      0x20e MCAL/DIO/DIO_prog.o
 .debug_info    0x00001912      0x1dc MCAL/EXTI/EXTI_prog.o
 .debug_info    0x00001aee       0xa4 MCAL/GI/GI_prog.o
 .debug_info    0x00001b92      0x125 MCAL/TIM0/TIM0_prog.o

.debug_abbrev   0x00000000      0xbbb
 *(.debug_abbrev)
 .debug_abbrev  0x00000000      0x4a3 C:/Program Files (x86)/Atmel/Studio/7.0/Packs/atmel/ATmega_DFP/1.7.374/gcc/dev/atmega32/avr5/crtatmega32.o
 .debug_abbrev  0x000004a3      0x121 APP/main.o
 .debug_abbrev  0x000005c4      0x1fe HAL/LCD/LCD_prog.o
 .debug_abbrev  0x000007c2       0x8d HAL/LED/LED_prog.o
 .debug_abbrev  0x0000084f       0xd1 MCAL/ADC/ADC_prog.o
 .debug_abbrev  0x00000920       0xc1 MCAL/DIO/DIO_prog.o
 .debug_abbrev  0x000009e1       0xd6 MCAL/EXTI/EXTI_prog.o
 .debug_abbrev  0x00000ab7       0x44 MCAL/GI/GI_prog.o
 .debug_abbrev  0x00000afb       0xc0 MCAL/TIM0/TIM0_prog.o

.debug_line     0x00000000     0x100d
 *(.debug_line .debug_line.* .debug_line_end)
 .debug_line    0x00000000      0x116 C:/Program Files (x86)/Atmel/Studio/7.0/Packs/atmel/ATmega_DFP/1.7.374/gcc/dev/atmega32/avr5/crtatmega32.o
 .debug_line    0x00000116      0x376 APP/main.o
 .debug_line    0x0000048c      0x3d1 HAL/LCD/LCD_prog.o
 .debug_line    0x0000085d       0xe9 HAL/LED/LED_prog.o
 .debug_line    0x00000946      0x14e MCAL/ADC/ADC_prog.o
 .debug_line    0x00000a94      0x1e3 MCAL/DIO/DIO_prog.o
 .debug_line    0x00000c77      0x223 MCAL/EXTI/EXTI_prog.o
 .debug_line    0x00000e9a       0x81 MCAL/GI/GI_prog.o
 .debug_line    0x00000f1b       0xf2 MCAL/TIM0/TIM0_prog.o

.debug_frame    0x00000000      0x594
 *(.debug_frame)
 .debug_frame   0x00000000       0x54 APP/main.o
 .debug_frame   0x00000054      0x14c HAL/LCD/LCD_prog.o
 .debug_frame   0x000001a0       0x68 HAL/LED/LED_prog.o
 .debug_frame   0x00000208       0xbc MCAL/ADC/ADC_prog.o
 .debug_frame   0x000002c4       0x74 MCAL/DIO/DIO_prog.o
 .debug_frame   0x00000338      0x19c MCAL/EXTI/EXTI_prog.o
 .debug_frame   0x000004d4       0x34 MCAL/GI/GI_prog.o
 .debug_frame   0x00000508       0x8c MCAL/TIM0/TIM0_prog.o

.debug_str      0x00000000      0x7fb
 *(.debug_str)
 .debug_str     0x00000000      0x196 C:/Program Files (x86)/Atmel/Studio/7.0/Packs/atmel/ATmega_DFP/1.7.374/gcc/dev/atmega32/avr5/crtatmega32.o
 .debug_str     0x00000196      0x2c1 APP/main.o
                                0x2fd (size before relaxing)
 .debug_str     0x00000457      0x12a HAL/LCD/LCD_prog.o
                                0x36e (size before relaxing)
 .debug_str     0x00000581       0x5d HAL/LED/LED_prog.o
                                0x1ec (size before relaxing)
 .debug_str     0x000005de       0x95 MCAL/ADC/ADC_prog.o
                                0x1f5 (size before relaxing)
 .debug_str     0x00000673       0x4a MCAL/DIO/DIO_prog.o
                                0x246 (size before relaxing)
 .debug_str     0x000006bd       0xe0 MCAL/EXTI/EXTI_prog.o
                                0x249 (size before relaxing)
 .debug_str     0x0000079d       0x24 MCAL/GI/GI_prog.o
                                0x192 (size before relaxing)
 .debug_str     0x000007c1       0x3a MCAL/TIM0/TIM0_prog.o
                                0x1c6 (size before relaxing)

.debug_loc      0x00000000     0x11b5
 *(.debug_loc)
 .debug_loc     0x00000000       0xb6 APP/main.o
 .debug_loc     0x000000b6      0x6e4 HAL/LCD/LCD_prog.o
 .debug_loc     0x0000079a      0x195 HAL/LED/LED_prog.o
 .debug_loc     0x0000092f      0x10d MCAL/ADC/ADC_prog.o
 .debug_loc     0x00000a3c      0x311 MCAL/DIO/DIO_prog.o
 .debug_loc     0x00000d4d      0x363 MCAL/EXTI/EXTI_prog.o
 .debug_loc     0x000010b0      0x105 MCAL/TIM0/TIM0_prog.o

.debug_macinfo
 *(.debug_macinfo)

.debug_weaknames
 *(.debug_weaknames)

.debug_funcnames
 *(.debug_funcnames)

.debug_typenames
 *(.debug_typenames)

.debug_varnames
 *(.debug_varnames)

.debug_pubtypes
 *(.debug_pubtypes)

.debug_ranges   0x00000000      0x1b0
 *(.debug_ranges)
 .debug_ranges  0x00000000       0x20 APP/main.o
 .debug_ranges  0x00000020       0x68 HAL/LCD/LCD_prog.o
 .debug_ranges  0x00000088       0x20 HAL/LED/LED_prog.o
 .debug_ranges  0x000000a8       0x38 MCAL/ADC/ADC_prog.o
 .debug_ranges  0x000000e0       0x38 MCAL/DIO/DIO_prog.o
 .debug_ranges  0x00000118       0x60 MCAL/EXTI/EXTI_prog.o
 .debug_ranges  0x00000178       0x18 MCAL/GI/GI_prog.o
 .debug_ranges  0x00000190       0x20 MCAL/TIM0/TIM0_prog.o

.debug_macro
 *(.debug_macro)
OUTPUT(EM_585.elf elf32-avr)
LOAD linker stubs
