Archive member included to satisfy reference by file (symbol)

c:/program files (x86)/atmel/studio/7.0/toolchain/avr8/avr8-gnu-toolchain/bin/../lib/gcc/avr/5.4.0/../../../../avr/lib/avr5\libm.a(fixunssfsi.o)
                              MCAL/TIM0/TIM0_prog.o (__fixunssfsi)
c:/program files (x86)/atmel/studio/7.0/toolchain/avr8/avr8-gnu-toolchain/bin/../lib/gcc/avr/5.4.0/../../../../avr/lib/avr5\libm.a(floatsisf.o)
                              MCAL/TIM0/TIM0_prog.o (__floatsisf)
c:/program files (x86)/atmel/studio/7.0/toolchain/avr8/avr8-gnu-toolchain/bin/../lib/gcc/avr/5.4.0/../../../../avr/lib/avr5\libm.a(fp_split3.o)
                              c:/program files (x86)/atmel/studio/7.0/toolchain/avr8/avr8-gnu-toolchain/bin/../lib/gcc/avr/5.4.0/../../../../avr/lib/avr5\libm.a(fixunssfsi.o) (__fp_splitA)
c:/program files (x86)/atmel/studio/7.0/toolchain/avr8/avr8-gnu-toolchain/bin/../lib/gcc/avr/5.4.0/../../../../avr/lib/avr5\libm.a(fp_zero.o)
                              c:/program files (x86)/atmel/studio/7.0/toolchain/avr8/avr8-gnu-toolchain/bin/../lib/gcc/avr/5.4.0/../../../../avr/lib/avr5\libm.a(fixunssfsi.o) (__fp_zero)
c:/program files (x86)/atmel/studio/7.0/toolchain/avr8/avr8-gnu-toolchain/bin/../lib/gcc/avr/5.4.0/../../../../avr/lib/avr5\libm.a(mulsf3.o)
                              MCAL/TIM0/TIM0_prog.o (__mulsf3)
c:/program files (x86)/atmel/studio/7.0/toolchain/avr8/avr8-gnu-toolchain/bin/../lib/gcc/avr/5.4.0/../../../../avr/lib/avr5\libm.a(mulsf3x.o)
                              c:/program files (x86)/atmel/studio/7.0/toolchain/avr8/avr8-gnu-toolchain/bin/../lib/gcc/avr/5.4.0/../../../../avr/lib/avr5\libm.a(mulsf3.o) (__mulsf3x)
c:/program files (x86)/atmel/studio/7.0/toolchain/avr8/avr8-gnu-toolchain/bin/../lib/gcc/avr/5.4.0/../../../../avr/lib/avr5\libm.a(fp_inf.o)
                              c:/program files (x86)/atmel/studio/7.0/toolchain/avr8/avr8-gnu-toolchain/bin/../lib/gcc/avr/5.4.0/../../../../avr/lib/avr5\libm.a(mulsf3x.o) (__fp_inf)
c:/program files (x86)/atmel/studio/7.0/toolchain/avr8/avr8-gnu-toolchain/bin/../lib/gcc/avr/5.4.0/../../../../avr/lib/avr5\libm.a(fp_nan.o)
                              c:/program files (x86)/atmel/studio/7.0/toolchain/avr8/avr8-gnu-toolchain/bin/../lib/gcc/avr/5.4.0/../../../../avr/lib/avr5\libm.a(mulsf3x.o) (__fp_nan)
c:/program files (x86)/atmel/studio/7.0/toolchain/avr8/avr8-gnu-toolchain/bin/../lib/gcc/avr/5.4.0/../../../../avr/lib/avr5\libm.a(fp_pscA.o)
                              c:/program files (x86)/atmel/studio/7.0/toolchain/avr8/avr8-gnu-toolchain/bin/../lib/gcc/avr/5.4.0/../../../../avr/lib/avr5\libm.a(mulsf3x.o) (__fp_pscA)
c:/program files (x86)/atmel/studio/7.0/toolchain/avr8/avr8-gnu-toolchain/bin/../lib/gcc/avr/5.4.0/../../../../avr/lib/avr5\libm.a(fp_pscB.o)
                              c:/program files (x86)/atmel/studio/7.0/toolchain/avr8/avr8-gnu-toolchain/bin/../lib/gcc/avr/5.4.0/../../../../avr/lib/avr5\libm.a(mulsf3x.o) (__fp_pscB)
c:/program files (x86)/atmel/studio/7.0/toolchain/avr8/avr8-gnu-toolchain/bin/../lib/gcc/avr/5.4.0/../../../../avr/lib/avr5\libm.a(fp_round.o)
                              c:/program files (x86)/atmel/studio/7.0/toolchain/avr8/avr8-gnu-toolchain/bin/../lib/gcc/avr/5.4.0/../../../../avr/lib/avr5\libm.a(mulsf3.o) (__fp_round)
c:/program files (x86)/atmel/studio/7.0/toolchain/avr8/avr8-gnu-toolchain/bin/../lib/gcc/avr/5.4.0/avr5\libgcc.a(_udivmodsi4.o)
                              HAL/LCD/LCD_prog.o (__udivmodsi4)
c:/program files (x86)/atmel/studio/7.0/toolchain/avr8/avr8-gnu-toolchain/bin/../lib/gcc/avr/5.4.0/avr5\libgcc.a(_exit.o)
                              C:/Program Files (x86)/Atmel/Studio/7.0/Packs/atmel/ATmega_DFP/1.7.374/gcc/dev/atmega32/avr5/crtatmega32.o (exit)
c:/program files (x86)/atmel/studio/7.0/toolchain/avr8/avr8-gnu-toolchain/bin/../lib/gcc/avr/5.4.0/avr5\libgcc.a(_copy_data.o)
                              HAL/KPD/KPD_prog.o (__do_copy_data)
c:/program files (x86)/atmel/studio/7.0/toolchain/avr8/avr8-gnu-toolchain/bin/../lib/gcc/avr/5.4.0/avr5\libgcc.a(_clear_bss.o)
                              MCAL/ADC/ADC_prog.o (__do_clear_bss)

Discarded input sections

 .data          0x00000000        0x0 C:/Program Files (x86)/Atmel/Studio/7.0/Packs/atmel/ATmega_DFP/1.7.374/gcc/dev/atmega32/avr5/crtatmega32.o
 .bss           0x00000000        0x0 C:/Program Files (x86)/Atmel/Studio/7.0/Packs/atmel/ATmega_DFP/1.7.374/gcc/dev/atmega32/avr5/crtatmega32.o
 .text          0x00000000        0x0 APP/main.o
 .data          0x00000000        0x0 APP/main.o
 .bss           0x00000000        0x0 APP/main.o
 .text          0x00000000        0x0 HAL/DCMOTOR/DCMOTOR_prog.o
 .data          0x00000000        0x0 HAL/DCMOTOR/DCMOTOR_prog.o
 .bss           0x00000000        0x0 HAL/DCMOTOR/DCMOTOR_prog.o
 .text.DCMotor_voidInit
                0x00000000       0x34 HAL/DCMOTOR/DCMOTOR_prog.o
 .text.DCMotor_voidForward
                0x00000000       0x56 HAL/DCMOTOR/DCMOTOR_prog.o
 .text.DCMotor_voidReverse
                0x00000000       0x56 HAL/DCMOTOR/DCMOTOR_prog.o
 .text.DCMotor_voidLeft
                0x00000000       0x56 HAL/DCMOTOR/DCMOTOR_prog.o
 .text.DCMotor_voidRight
                0x00000000       0x56 HAL/DCMOTOR/DCMOTOR_prog.o
 .text.DCMotor_voidStop
                0x00000000       0x2a HAL/DCMOTOR/DCMOTOR_prog.o
 .debug_info    0x00000000      0x65e HAL/DCMOTOR/DCMOTOR_prog.o
 .debug_abbrev  0x00000000       0xbf HAL/DCMOTOR/DCMOTOR_prog.o
 .debug_loc     0x00000000      0x138 HAL/DCMOTOR/DCMOTOR_prog.o
 .debug_aranges
                0x00000000       0x48 HAL/DCMOTOR/DCMOTOR_prog.o
 .debug_ranges  0x00000000       0x38 HAL/DCMOTOR/DCMOTOR_prog.o
 .debug_line    0x00000000      0x236 HAL/DCMOTOR/DCMOTOR_prog.o
 .debug_str     0x00000000      0x292 HAL/DCMOTOR/DCMOTOR_prog.o
 .comment       0x00000000       0x31 HAL/DCMOTOR/DCMOTOR_prog.o
 .debug_frame   0x00000000       0x94 HAL/DCMOTOR/DCMOTOR_prog.o
 .text          0x00000000        0x0 HAL/KPD/KPD_prog.o
 .data          0x00000000        0x0 HAL/KPD/KPD_prog.o
 .bss           0x00000000        0x0 HAL/KPD/KPD_prog.o
 .text.KPD_voidInit
                0x00000000       0x7a HAL/KPD/KPD_prog.o
 .rodata        0x00000000        0x9 HAL/KPD/KPD_prog.o
 .text.KPD_u8_GetKey
                0x00000000       0xfa HAL/KPD/KPD_prog.o
 .debug_info    0x00000000      0x392 HAL/KPD/KPD_prog.o
 .debug_abbrev  0x00000000      0x101 HAL/KPD/KPD_prog.o
 .debug_loc     0x00000000      0x146 HAL/KPD/KPD_prog.o
 .debug_aranges
                0x00000000       0x28 HAL/KPD/KPD_prog.o
 .debug_ranges  0x00000000       0x18 HAL/KPD/KPD_prog.o
 .debug_line    0x00000000      0x16d HAL/KPD/KPD_prog.o
 .debug_str     0x00000000      0x271 HAL/KPD/KPD_prog.o
 .comment       0x00000000       0x31 HAL/KPD/KPD_prog.o
 .debug_frame   0x00000000       0x6c HAL/KPD/KPD_prog.o
 .text          0x00000000        0x0 HAL/LCD/LCD_prog.o
 .data          0x00000000        0x0 HAL/LCD/LCD_prog.o
 .bss           0x00000000        0x0 HAL/LCD/LCD_prog.o
 .text.LCD_voidSHD
                0x00000000       0x64 HAL/LCD/LCD_prog.o
 .text.LCD_voidSendEnablePulse
                0x00000000       0x22 HAL/LCD/LCD_prog.o
 .text.LCD_voidSendCommand
                0x00000000       0x34 HAL/LCD/LCD_prog.o
 .text.LCD_voidInit
                0x00000000       0x3e HAL/LCD/LCD_prog.o
 .text.LCD_voidSendData
                0x00000000       0x34 HAL/LCD/LCD_prog.o
 .text.LCD_voidstring
                0x00000000       0x26 HAL/LCD/LCD_prog.o
 .text.LCD_voidSendNumber
                0x00000000      0x116 HAL/LCD/LCD_prog.o
 .text.LCD_voidGotoXY
                0x00000000       0x10 HAL/LCD/LCD_prog.o
 .text.LCD_voidDrawData
                0x00000000       0x54 HAL/LCD/LCD_prog.o
 .debug_info    0x00000000      0x6af HAL/LCD/LCD_prog.o
 .debug_abbrev  0x00000000      0x1fe HAL/LCD/LCD_prog.o
 .debug_loc     0x00000000      0x6e4 HAL/LCD/LCD_prog.o
 .debug_aranges
                0x00000000       0x60 HAL/LCD/LCD_prog.o
 .debug_ranges  0x00000000       0x68 HAL/LCD/LCD_prog.o
 .debug_line    0x00000000      0x3d1 HAL/LCD/LCD_prog.o
 .debug_str     0x00000000      0x36e HAL/LCD/LCD_prog.o
 .comment       0x00000000       0x31 HAL/LCD/LCD_prog.o
 .debug_frame   0x00000000      0x14c HAL/LCD/LCD_prog.o
 .text          0x00000000        0x0 HAL/LED/LED_prog.o
 .data          0x00000000        0x0 HAL/LED/LED_prog.o
 .bss           0x00000000        0x0 HAL/LED/LED_prog.o
 .text.LED_voidon
                0x00000000       0x1e HAL/LED/LED_prog.o
 .text.LED_voidoff
                0x00000000       0x1e HAL/LED/LED_prog.o
 .text.LED_voidToggle
                0x00000000       0x1c HAL/LED/LED_prog.o
 .debug_info    0x00000000      0x1f5 HAL/LED/LED_prog.o
 .debug_abbrev  0x00000000       0x8d HAL/LED/LED_prog.o
 .debug_loc     0x00000000      0x195 HAL/LED/LED_prog.o
 .debug_aranges
                0x00000000       0x30 HAL/LED/LED_prog.o
 .debug_ranges  0x00000000       0x20 HAL/LED/LED_prog.o
 .debug_line    0x00000000       0xe9 HAL/LED/LED_prog.o
 .debug_str     0x00000000      0x1ec HAL/LED/LED_prog.o
 .comment       0x00000000       0x31 HAL/LED/LED_prog.o
 .debug_frame   0x00000000       0x68 HAL/LED/LED_prog.o
 .text          0x00000000        0x0 HAL/SSD/SSD_prog.o
 .data          0x00000000        0x0 HAL/SSD/SSD_prog.o
 .bss           0x00000000        0x0 HAL/SSD/SSD_prog.o
 .text.SSD_voidDisplayNum
                0x00000000       0x34 HAL/SSD/SSD_prog.o
 .data.ssd      0x00000000        0xa HAL/SSD/SSD_prog.o
 .debug_info    0x00000000      0x1c5 HAL/SSD/SSD_prog.o
 .debug_abbrev  0x00000000       0xc8 HAL/SSD/SSD_prog.o
 .debug_loc     0x00000000       0x4e HAL/SSD/SSD_prog.o
 .debug_aranges
                0x00000000       0x20 HAL/SSD/SSD_prog.o
 .debug_ranges  0x00000000       0x10 HAL/SSD/SSD_prog.o
 .debug_line    0x00000000       0xb1 HAL/SSD/SSD_prog.o
 .debug_str     0x00000000      0x24c HAL/SSD/SSD_prog.o
 .comment       0x00000000       0x31 HAL/SSD/SSD_prog.o
 .debug_frame   0x00000000       0x2c HAL/SSD/SSD_prog.o
 .text          0x00000000        0x0 MCAL/ADC/ADC_prog.o
 .data          0x00000000        0x0 MCAL/ADC/ADC_prog.o
 .bss           0x00000000        0x0 MCAL/ADC/ADC_prog.o
 .text.ADC_voidInit
                0x00000000       0x20 MCAL/ADC/ADC_prog.o
 .text.ADC_u16ReadChannel
                0x00000000       0x1c MCAL/ADC/ADC_prog.o
 .text.ADC_voidReadChannel_Interrupt
                0x00000000       0x1a MCAL/ADC/ADC_prog.o
 .text.ADC_voidInit_Interrupt
                0x00000000       0x26 MCAL/ADC/ADC_prog.o
 .text.ADC_CallBack
                0x00000000        0xa MCAL/ADC/ADC_prog.o
 .text          0x00000000        0x0 MCAL/DIO/DIO_prog.o
 .data          0x00000000        0x0 MCAL/DIO/DIO_prog.o
 .bss           0x00000000        0x0 MCAL/DIO/DIO_prog.o
 .text.DIO_voidTogglePinVal
                0x00000000       0x68 MCAL/DIO/DIO_prog.o
 .text.DIO_u8ReadPinVal
                0x00000000       0x5c MCAL/DIO/DIO_prog.o
 .text.DIO_voidSetPortDir
                0x00000000       0x20 MCAL/DIO/DIO_prog.o
 .text.DIO_voidSetPortVal
                0x00000000       0x20 MCAL/DIO/DIO_prog.o
 .text          0x00000000        0x0 MCAL/EXTI/EXTI_prog.o
 .data          0x00000000        0x0 MCAL/EXTI/EXTI_prog.o
 .bss           0x00000000        0x0 MCAL/EXTI/EXTI_prog.o
 .text.EXTI_voidInit
                0x00000000       0xb6 MCAL/EXTI/EXTI_prog.o
 .text.EXTI0_voidEnable
                0x00000000        0x8 MCAL/EXTI/EXTI_prog.o
 .text.EXTI0_voidDisable
                0x00000000        0x8 MCAL/EXTI/EXTI_prog.o
 .text.EXTI1_voidEnable
                0x00000000        0x8 MCAL/EXTI/EXTI_prog.o
 .text.EXTI1_voidDisable
                0x00000000        0x8 MCAL/EXTI/EXTI_prog.o
 .text.EXTI2_voidEnable
                0x00000000        0x8 MCAL/EXTI/EXTI_prog.o
 .text.EXTI2_voidDisable
                0x00000000        0x8 MCAL/EXTI/EXTI_prog.o
 .text.EXTI_CallBack
                0x00000000       0x2a MCAL/EXTI/EXTI_prog.o
 .text          0x00000000        0x0 MCAL/GI/GI_prog.o
 .data          0x00000000        0x0 MCAL/GI/GI_prog.o
 .bss           0x00000000        0x0 MCAL/GI/GI_prog.o
 .text.GI_voidEnable
                0x00000000        0x8 MCAL/GI/GI_prog.o
 .text.GI_voidDisable
                0x00000000        0x8 MCAL/GI/GI_prog.o
 .debug_info    0x00000000       0xa4 MCAL/GI/GI_prog.o
 .debug_abbrev  0x00000000       0x44 MCAL/GI/GI_prog.o
 .debug_aranges
                0x00000000       0x28 MCAL/GI/GI_prog.o
 .debug_ranges  0x00000000       0x18 MCAL/GI/GI_prog.o
 .debug_line    0x00000000       0x81 MCAL/GI/GI_prog.o
 .debug_str     0x00000000      0x192 MCAL/GI/GI_prog.o
 .comment       0x00000000       0x31 MCAL/GI/GI_prog.o
 .debug_frame   0x00000000       0x34 MCAL/GI/GI_prog.o
 .text          0x00000000        0x0 MCAL/SPI/SPI_prog.o
 .data          0x00000000        0x0 MCAL/SPI/SPI_prog.o
 .bss           0x00000000        0x0 MCAL/SPI/SPI_prog.o
 .text.SPI_voidSlaveInit
                0x00000000        0xe MCAL/SPI/SPI_prog.o
 .text.SPI_u8SalveRecieveData
                0x00000000        0x8 MCAL/SPI/SPI_prog.o
 .text          0x00000000        0x0 MCAL/TIM0/TIM0_prog.o
 .data          0x00000000        0x0 MCAL/TIM0/TIM0_prog.o
 .bss           0x00000000        0x0 MCAL/TIM0/TIM0_prog.o
 .text.TIM0_voidInit
                0x00000000       0x4e MCAL/TIM0/TIM0_prog.o
 .text.TIM0_voidPWM
                0x00000000       0x80 MCAL/TIM0/TIM0_prog.o
 .text.TIM0_voidSetCallBack
                0x00000000       0x1e MCAL/TIM0/TIM0_prog.o
 .text          0x00000000        0x0 MCAL/TIM1/TIM1_prog.o
 .data          0x00000000        0x0 MCAL/TIM1/TIM1_prog.o
 .bss           0x00000000        0x0 MCAL/TIM1/TIM1_prog.o
 .text.TIM1_voidInit_Input_Capture
                0x00000000       0x2c MCAL/TIM1/TIM1_prog.o
 .text.TIM1_voidSelectEdge
                0x00000000       0x1a MCAL/TIM1/TIM1_prog.o
 .text.TIM1_u16ReadICR
                0x00000000        0x6 MCAL/TIM1/TIM1_prog.o
 .text.TIM1_voidICRReset
                0x00000000        0x6 MCAL/TIM1/TIM1_prog.o
 .text.TIM1_voidFastPWMICR
                0x00000000       0x3a MCAL/TIM1/TIM1_prog.o
 .text.TIM1_voidInit
                0x00000000       0x26 MCAL/TIM1/TIM1_prog.o
 .text.TIM1_u16ReadVal
                0x00000000        0x6 MCAL/TIM1/TIM1_prog.o
 .text.TIM1_voidReset
                0x00000000        0x6 MCAL/TIM1/TIM1_prog.o
 .text.TIM1_voidSetOCRVal
                0x00000000        0x6 MCAL/TIM1/TIM1_prog.o
 .text.TIM1_voidCallBack
                0x00000000        0xa MCAL/TIM1/TIM1_prog.o
 .text          0x00000000        0x0 MCAL/UART/UART_prog.o
 .data          0x00000000        0x0 MCAL/UART/UART_prog.o
 .bss           0x00000000        0x0 MCAL/UART/UART_prog.o
 .text.UART_voidTX
                0x00000000        0x8 MCAL/UART/UART_prog.o
 .text.UART_voidSendString
                0x00000000       0x26 MCAL/UART/UART_prog.o
 .text          0x00000000        0x0 MCAL/WDT/WDT_prog.o
 .data          0x00000000        0x0 MCAL/WDT/WDT_prog.o
 .bss           0x00000000        0x0 MCAL/WDT/WDT_prog.o
 .text.WDT_voidEnableInit
                0x00000000       0x16 MCAL/WDT/WDT_prog.o
 .text.WDT_voidDisable
                0x00000000       0x12 MCAL/WDT/WDT_prog.o
 .debug_info    0x00000000       0xa6 MCAL/WDT/WDT_prog.o
 .debug_abbrev  0x00000000       0x46 MCAL/WDT/WDT_prog.o
 .debug_aranges
                0x00000000       0x28 MCAL/WDT/WDT_prog.o
 .debug_ranges  0x00000000       0x18 MCAL/WDT/WDT_prog.o
 .debug_line    0x00000000       0xa8 MCAL/WDT/WDT_prog.o
 .debug_str     0x00000000      0x19a MCAL/WDT/WDT_prog.o
 .comment       0x00000000       0x31 MCAL/WDT/WDT_prog.o
 .debug_frame   0x00000000       0x34 MCAL/WDT/WDT_prog.o
 .text          0x00000000        0x0 c:/program files (x86)/atmel/studio/7.0/toolchain/avr8/avr8-gnu-toolchain/bin/../lib/gcc/avr/5.4.0/../../../../avr/lib/avr5\libm.a(fixunssfsi.o)
 .data          0x00000000        0x0 c:/program files (x86)/atmel/studio/7.0/toolchain/avr8/avr8-gnu-toolchain/bin/../lib/gcc/avr/5.4.0/../../../../avr/lib/avr5\libm.a(fixunssfsi.o)
 .bss           0x00000000        0x0 c:/program files (x86)/atmel/studio/7.0/toolchain/avr8/avr8-gnu-toolchain/bin/../lib/gcc/avr/5.4.0/../../../../avr/lib/avr5\libm.a(fixunssfsi.o)
 .text.avr-libc.fplib
                0x00000000       0x5e c:/program files (x86)/atmel/studio/7.0/toolchain/avr8/avr8-gnu-toolchain/bin/../lib/gcc/avr/5.4.0/../../../../avr/lib/avr5\libm.a(fixunssfsi.o)
 .text          0x00000000        0x0 c:/program files (x86)/atmel/studio/7.0/toolchain/avr8/avr8-gnu-toolchain/bin/../lib/gcc/avr/5.4.0/../../../../avr/lib/avr5\libm.a(floatsisf.o)
 .data          0x00000000        0x0 c:/program files (x86)/atmel/studio/7.0/toolchain/avr8/avr8-gnu-toolchain/bin/../lib/gcc/avr/5.4.0/../../../../avr/lib/avr5\libm.a(floatsisf.o)
 .bss           0x00000000        0x0 c:/program files (x86)/atmel/studio/7.0/toolchain/avr8/avr8-gnu-toolchain/bin/../lib/gcc/avr/5.4.0/../../../../avr/lib/avr5\libm.a(floatsisf.o)
 .text.avr-libc.fplib
                0x00000000       0x7a c:/program files (x86)/atmel/studio/7.0/toolchain/avr8/avr8-gnu-toolchain/bin/../lib/gcc/avr/5.4.0/../../../../avr/lib/avr5\libm.a(floatsisf.o)
 .text          0x00000000        0x0 c:/program files (x86)/atmel/studio/7.0/toolchain/avr8/avr8-gnu-toolchain/bin/../lib/gcc/avr/5.4.0/../../../../avr/lib/avr5\libm.a(fp_split3.o)
 .data          0x00000000        0x0 c:/program files (x86)/atmel/studio/7.0/toolchain/avr8/avr8-gnu-toolchain/bin/../lib/gcc/avr/5.4.0/../../../../avr/lib/avr5\libm.a(fp_split3.o)
 .bss           0x00000000        0x0 c:/program files (x86)/atmel/studio/7.0/toolchain/avr8/avr8-gnu-toolchain/bin/../lib/gcc/avr/5.4.0/../../../../avr/lib/avr5\libm.a(fp_split3.o)
 .text.avr-libc.fplib
                0x00000000       0x44 c:/program files (x86)/atmel/studio/7.0/toolchain/avr8/avr8-gnu-toolchain/bin/../lib/gcc/avr/5.4.0/../../../../avr/lib/avr5\libm.a(fp_split3.o)
 .text          0x00000000        0x0 c:/program files (x86)/atmel/studio/7.0/toolchain/avr8/avr8-gnu-toolchain/bin/../lib/gcc/avr/5.4.0/../../../../avr/lib/avr5\libm.a(fp_zero.o)
 .data          0x00000000        0x0 c:/program files (x86)/atmel/studio/7.0/toolchain/avr8/avr8-gnu-toolchain/bin/../lib/gcc/avr/5.4.0/../../../../avr/lib/avr5\libm.a(fp_zero.o)
 .bss           0x00000000        0x0 c:/program files (x86)/atmel/studio/7.0/toolchain/avr8/avr8-gnu-toolchain/bin/../lib/gcc/avr/5.4.0/../../../../avr/lib/avr5\libm.a(fp_zero.o)
 .text.avr-libc.fplib
                0x00000000        0xe c:/program files (x86)/atmel/studio/7.0/toolchain/avr8/avr8-gnu-toolchain/bin/../lib/gcc/avr/5.4.0/../../../../avr/lib/avr5\libm.a(fp_zero.o)
 .text          0x00000000        0x0 c:/program files (x86)/atmel/studio/7.0/toolchain/avr8/avr8-gnu-toolchain/bin/../lib/gcc/avr/5.4.0/../../../../avr/lib/avr5\libm.a(mulsf3.o)
 .data          0x00000000        0x0 c:/program files (x86)/atmel/studio/7.0/toolchain/avr8/avr8-gnu-toolchain/bin/../lib/gcc/avr/5.4.0/../../../../avr/lib/avr5\libm.a(mulsf3.o)
 .bss           0x00000000        0x0 c:/program files (x86)/atmel/studio/7.0/toolchain/avr8/avr8-gnu-toolchain/bin/../lib/gcc/avr/5.4.0/../../../../avr/lib/avr5\libm.a(mulsf3.o)
 .text.avr-libc.fplib
                0x00000000        0x8 c:/program files (x86)/atmel/studio/7.0/toolchain/avr8/avr8-gnu-toolchain/bin/../lib/gcc/avr/5.4.0/../../../../avr/lib/avr5\libm.a(mulsf3.o)
 .text          0x00000000        0x0 c:/program files (x86)/atmel/studio/7.0/toolchain/avr8/avr8-gnu-toolchain/bin/../lib/gcc/avr/5.4.0/../../../../avr/lib/avr5\libm.a(mulsf3x.o)
 .data          0x00000000        0x0 c:/program files (x86)/atmel/studio/7.0/toolchain/avr8/avr8-gnu-toolchain/bin/../lib/gcc/avr/5.4.0/../../../../avr/lib/avr5\libm.a(mulsf3x.o)
 .bss           0x00000000        0x0 c:/program files (x86)/atmel/studio/7.0/toolchain/avr8/avr8-gnu-toolchain/bin/../lib/gcc/avr/5.4.0/../../../../avr/lib/avr5\libm.a(mulsf3x.o)
 .text.avr-libc.fplib
                0x00000000       0xd2 c:/program files (x86)/atmel/studio/7.0/toolchain/avr8/avr8-gnu-toolchain/bin/../lib/gcc/avr/5.4.0/../../../../avr/lib/avr5\libm.a(mulsf3x.o)
 .text          0x00000000        0x0 c:/program files (x86)/atmel/studio/7.0/toolchain/avr8/avr8-gnu-toolchain/bin/../lib/gcc/avr/5.4.0/../../../../avr/lib/avr5\libm.a(fp_inf.o)
 .data          0x00000000        0x0 c:/program files (x86)/atmel/studio/7.0/toolchain/avr8/avr8-gnu-toolchain/bin/../lib/gcc/avr/5.4.0/../../../../avr/lib/avr5\libm.a(fp_inf.o)
 .bss           0x00000000        0x0 c:/program files (x86)/atmel/studio/7.0/toolchain/avr8/avr8-gnu-toolchain/bin/../lib/gcc/avr/5.4.0/../../../../avr/lib/avr5\libm.a(fp_inf.o)
 .text.avr-libc.fplib
                0x00000000        0xc c:/program files (x86)/atmel/studio/7.0/toolchain/avr8/avr8-gnu-toolchain/bin/../lib/gcc/avr/5.4.0/../../../../avr/lib/avr5\libm.a(fp_inf.o)
 .text          0x00000000        0x0 c:/program files (x86)/atmel/studio/7.0/toolchain/avr8/avr8-gnu-toolchain/bin/../lib/gcc/avr/5.4.0/../../../../avr/lib/avr5\libm.a(fp_nan.o)
 .data          0x00000000        0x0 c:/program files (x86)/atmel/studio/7.0/toolchain/avr8/avr8-gnu-toolchain/bin/../lib/gcc/avr/5.4.0/../../../../avr/lib/avr5\libm.a(fp_nan.o)
 .bss           0x00000000        0x0 c:/program files (x86)/atmel/studio/7.0/toolchain/avr8/avr8-gnu-toolchain/bin/../lib/gcc/avr/5.4.0/../../../../avr/lib/avr5\libm.a(fp_nan.o)
 .text.avr-libc.fplib
                0x00000000        0x6 c:/program files (x86)/atmel/studio/7.0/toolchain/avr8/avr8-gnu-toolchain/bin/../lib/gcc/avr/5.4.0/../../../../avr/lib/avr5\libm.a(fp_nan.o)
 .text          0x00000000        0x0 c:/program files (x86)/atmel/studio/7.0/toolchain/avr8/avr8-gnu-toolchain/bin/../lib/gcc/avr/5.4.0/../../../../avr/lib/avr5\libm.a(fp_pscA.o)
 .data          0x00000000        0x0 c:/program files (x86)/atmel/studio/7.0/toolchain/avr8/avr8-gnu-toolchain/bin/../lib/gcc/avr/5.4.0/../../../../avr/lib/avr5\libm.a(fp_pscA.o)
 .bss           0x00000000        0x0 c:/program files (x86)/atmel/studio/7.0/toolchain/avr8/avr8-gnu-toolchain/bin/../lib/gcc/avr/5.4.0/../../../../avr/lib/avr5\libm.a(fp_pscA.o)
 .text.avr-libc.fplib
                0x00000000        0xe c:/program files (x86)/atmel/studio/7.0/toolchain/avr8/avr8-gnu-toolchain/bin/../lib/gcc/avr/5.4.0/../../../../avr/lib/avr5\libm.a(fp_pscA.o)
 .text          0x00000000        0x0 c:/program files (x86)/atmel/studio/7.0/toolchain/avr8/avr8-gnu-toolchain/bin/../lib/gcc/avr/5.4.0/../../../../avr/lib/avr5\libm.a(fp_pscB.o)
 .data          0x00000000        0x0 c:/program files (x86)/atmel/studio/7.0/toolchain/avr8/avr8-gnu-toolchain/bin/../lib/gcc/avr/5.4.0/../../../../avr/lib/avr5\libm.a(fp_pscB.o)
 .bss           0x00000000        0x0 c:/program files (x86)/atmel/studio/7.0/toolchain/avr8/avr8-gnu-toolchain/bin/../lib/gcc/avr/5.4.0/../../../../avr/lib/avr5\libm.a(fp_pscB.o)
 .text.avr-libc.fplib
                0x00000000        0xe c:/program files (x86)/atmel/studio/7.0/toolchain/avr8/avr8-gnu-toolchain/bin/../lib/gcc/avr/5.4.0/../../../../avr/lib/avr5\libm.a(fp_pscB.o)
 .text          0x00000000        0x0 c:/program files (x86)/atmel/studio/7.0/toolchain/avr8/avr8-gnu-toolchain/bin/../lib/gcc/avr/5.4.0/../../../../avr/lib/avr5\libm.a(fp_round.o)
 .data          0x00000000        0x0 c:/program files (x86)/atmel/studio/7.0/toolchain/avr8/avr8-gnu-toolchain/bin/../lib/gcc/avr/5.4.0/../../../../avr/lib/avr5\libm.a(fp_round.o)
 .bss           0x00000000        0x0 c:/program files (x86)/atmel/studio/7.0/toolchain/avr8/avr8-gnu-toolchain/bin/../lib/gcc/avr/5.4.0/../../../../avr/lib/avr5\libm.a(fp_round.o)
 .text.avr-libc.fplib
                0x00000000       0x22 c:/program files (x86)/atmel/studio/7.0/toolchain/avr8/avr8-gnu-toolchain/bin/../lib/gcc/avr/5.4.0/../../../../avr/lib/avr5\libm.a(fp_round.o)
 .text          0x00000000        0x0 c:/program files (x86)/atmel/studio/7.0/toolchain/avr8/avr8-gnu-toolchain/bin/../lib/gcc/avr/5.4.0/avr5\libgcc.a(_udivmodsi4.o)
 .data          0x00000000        0x0 c:/program files (x86)/atmel/studio/7.0/toolchain/avr8/avr8-gnu-toolchain/bin/../lib/gcc/avr/5.4.0/avr5\libgcc.a(_udivmodsi4.o)
 .bss           0x00000000        0x0 c:/program files (x86)/atmel/studio/7.0/toolchain/avr8/avr8-gnu-toolchain/bin/../lib/gcc/avr/5.4.0/avr5\libgcc.a(_udivmodsi4.o)
 .text.libgcc.mul
                0x00000000        0x0 c:/program files (x86)/atmel/studio/7.0/toolchain/avr8/avr8-gnu-toolchain/bin/../lib/gcc/avr/5.4.0/avr5\libgcc.a(_udivmodsi4.o)
 .text.libgcc.div
                0x00000000       0x44 c:/program files (x86)/atmel/studio/7.0/toolchain/avr8/avr8-gnu-toolchain/bin/../lib/gcc/avr/5.4.0/avr5\libgcc.a(_udivmodsi4.o)
 .text.libgcc   0x00000000        0x0 c:/program files (x86)/atmel/studio/7.0/toolchain/avr8/avr8-gnu-toolchain/bin/../lib/gcc/avr/5.4.0/avr5\libgcc.a(_udivmodsi4.o)
 .text.libgcc.prologue
                0x00000000        0x0 c:/program files (x86)/atmel/studio/7.0/toolchain/avr8/avr8-gnu-toolchain/bin/../lib/gcc/avr/5.4.0/avr5\libgcc.a(_udivmodsi4.o)
 .text.libgcc.builtins
                0x00000000        0x0 c:/program files (x86)/atmel/studio/7.0/toolchain/avr8/avr8-gnu-toolchain/bin/../lib/gcc/avr/5.4.0/avr5\libgcc.a(_udivmodsi4.o)
 .text.libgcc.fmul
                0x00000000        0x0 c:/program files (x86)/atmel/studio/7.0/toolchain/avr8/avr8-gnu-toolchain/bin/../lib/gcc/avr/5.4.0/avr5\libgcc.a(_udivmodsi4.o)
 .text.libgcc.fixed
                0x00000000        0x0 c:/program files (x86)/atmel/studio/7.0/toolchain/avr8/avr8-gnu-toolchain/bin/../lib/gcc/avr/5.4.0/avr5\libgcc.a(_udivmodsi4.o)
 .text          0x00000000        0x0 c:/program files (x86)/atmel/studio/7.0/toolchain/avr8/avr8-gnu-toolchain/bin/../lib/gcc/avr/5.4.0/avr5\libgcc.a(_exit.o)
 .data          0x00000000        0x0 c:/program files (x86)/atmel/studio/7.0/toolchain/avr8/avr8-gnu-toolchain/bin/../lib/gcc/avr/5.4.0/avr5\libgcc.a(_exit.o)
 .bss           0x00000000        0x0 c:/program files (x86)/atmel/studio/7.0/toolchain/avr8/avr8-gnu-toolchain/bin/../lib/gcc/avr/5.4.0/avr5\libgcc.a(_exit.o)
 .text.libgcc.mul
                0x00000000        0x0 c:/program files (x86)/atmel/studio/7.0/toolchain/avr8/avr8-gnu-toolchain/bin/../lib/gcc/avr/5.4.0/avr5\libgcc.a(_exit.o)
 .text.libgcc.div
                0x00000000        0x0 c:/program files (x86)/atmel/studio/7.0/toolchain/avr8/avr8-gnu-toolchain/bin/../lib/gcc/avr/5.4.0/avr5\libgcc.a(_exit.o)
 .text.libgcc   0x00000000        0x0 c:/program files (x86)/atmel/studio/7.0/toolchain/avr8/avr8-gnu-toolchain/bin/../lib/gcc/avr/5.4.0/avr5\libgcc.a(_exit.o)
 .text.libgcc.prologue
                0x00000000        0x0 c:/program files (x86)/atmel/studio/7.0/toolchain/avr8/avr8-gnu-toolchain/bin/../lib/gcc/avr/5.4.0/avr5\libgcc.a(_exit.o)
 .text.libgcc.builtins
                0x00000000        0x0 c:/program files (x86)/atmel/studio/7.0/toolchain/avr8/avr8-gnu-toolchain/bin/../lib/gcc/avr/5.4.0/avr5\libgcc.a(_exit.o)
 .text.libgcc.fmul
                0x00000000        0x0 c:/program files (x86)/atmel/studio/7.0/toolchain/avr8/avr8-gnu-toolchain/bin/../lib/gcc/avr/5.4.0/avr5\libgcc.a(_exit.o)
 .text.libgcc.fixed
                0x00000000        0x0 c:/program files (x86)/atmel/studio/7.0/toolchain/avr8/avr8-gnu-toolchain/bin/../lib/gcc/avr/5.4.0/avr5\libgcc.a(_exit.o)
 .text          0x00000000        0x0 c:/program files (x86)/atmel/studio/7.0/toolchain/avr8/avr8-gnu-toolchain/bin/../lib/gcc/avr/5.4.0/avr5\libgcc.a(_copy_data.o)
 .data          0x00000000        0x0 c:/program files (x86)/atmel/studio/7.0/toolchain/avr8/avr8-gnu-toolchain/bin/../lib/gcc/avr/5.4.0/avr5\libgcc.a(_copy_data.o)
 .bss           0x00000000        0x0 c:/program files (x86)/atmel/studio/7.0/toolchain/avr8/avr8-gnu-toolchain/bin/../lib/gcc/avr/5.4.0/avr5\libgcc.a(_copy_data.o)
 .text.libgcc.mul
                0x00000000        0x0 c:/program files (x86)/atmel/studio/7.0/toolchain/avr8/avr8-gnu-toolchain/bin/../lib/gcc/avr/5.4.0/avr5\libgcc.a(_copy_data.o)
 .text.libgcc.div
                0x00000000        0x0 c:/program files (x86)/atmel/studio/7.0/toolchain/avr8/avr8-gnu-toolchain/bin/../lib/gcc/avr/5.4.0/avr5\libgcc.a(_copy_data.o)
 .text.libgcc   0x00000000        0x0 c:/program files (x86)/atmel/studio/7.0/toolchain/avr8/avr8-gnu-toolchain/bin/../lib/gcc/avr/5.4.0/avr5\libgcc.a(_copy_data.o)
 .text.libgcc.prologue
                0x00000000        0x0 c:/program files (x86)/atmel/studio/7.0/toolchain/avr8/avr8-gnu-toolchain/bin/../lib/gcc/avr/5.4.0/avr5\libgcc.a(_copy_data.o)
 .text.libgcc.builtins
                0x00000000        0x0 c:/program files (x86)/atmel/studio/7.0/toolchain/avr8/avr8-gnu-toolchain/bin/../lib/gcc/avr/5.4.0/avr5\libgcc.a(_copy_data.o)
 .text.libgcc.fmul
                0x00000000        0x0 c:/program files (x86)/atmel/studio/7.0/toolchain/avr8/avr8-gnu-toolchain/bin/../lib/gcc/avr/5.4.0/avr5\libgcc.a(_copy_data.o)
 .text.libgcc.fixed
                0x00000000        0x0 c:/program files (x86)/atmel/studio/7.0/toolchain/avr8/avr8-gnu-toolchain/bin/../lib/gcc/avr/5.4.0/avr5\libgcc.a(_copy_data.o)
 .text          0x00000000        0x0 c:/program files (x86)/atmel/studio/7.0/toolchain/avr8/avr8-gnu-toolchain/bin/../lib/gcc/avr/5.4.0/avr5\libgcc.a(_clear_bss.o)
 .data          0x00000000        0x0 c:/program files (x86)/atmel/studio/7.0/toolchain/avr8/avr8-gnu-toolchain/bin/../lib/gcc/avr/5.4.0/avr5\libgcc.a(_clear_bss.o)
 .bss           0x00000000        0x0 c:/program files (x86)/atmel/studio/7.0/toolchain/avr8/avr8-gnu-toolchain/bin/../lib/gcc/avr/5.4.0/avr5\libgcc.a(_clear_bss.o)
 .text.libgcc.mul
                0x00000000        0x0 c:/program files (x86)/atmel/studio/7.0/toolchain/avr8/avr8-gnu-toolchain/bin/../lib/gcc/avr/5.4.0/avr5\libgcc.a(_clear_bss.o)
 .text.libgcc.div
                0x00000000        0x0 c:/program files (x86)/atmel/studio/7.0/toolchain/avr8/avr8-gnu-toolchain/bin/../lib/gcc/avr/5.4.0/avr5\libgcc.a(_clear_bss.o)
 .text.libgcc   0x00000000        0x0 c:/program files (x86)/atmel/studio/7.0/toolchain/avr8/avr8-gnu-toolchain/bin/../lib/gcc/avr/5.4.0/avr5\libgcc.a(_clear_bss.o)
 .text.libgcc.prologue
                0x00000000        0x0 c:/program files (x86)/atmel/studio/7.0/toolchain/avr8/avr8-gnu-toolchain/bin/../lib/gcc/avr/5.4.0/avr5\libgcc.a(_clear_bss.o)
 .text.libgcc.builtins
                0x00000000        0x0 c:/program files (x86)/atmel/studio/7.0/toolchain/avr8/avr8-gnu-toolchain/bin/../lib/gcc/avr/5.4.0/avr5\libgcc.a(_clear_bss.o)
 .text.libgcc.fmul
                0x00000000        0x0 c:/program files (x86)/atmel/studio/7.0/toolchain/avr8/avr8-gnu-toolchain/bin/../lib/gcc/avr/5.4.0/avr5\libgcc.a(_clear_bss.o)
 .text.libgcc.fixed
                0x00000000        0x0 c:/program files (x86)/atmel/studio/7.0/toolchain/avr8/avr8-gnu-toolchain/bin/../lib/gcc/avr/5.4.0/avr5\libgcc.a(_clear_bss.o)

Memory Configuration

Name             Origin             Length             Attributes
text             0x00000000         0x00008000         xr
data             0x00800060         0x00000800         rw !x
eeprom           0x00810000         0x00000400         rw !x
fuse             0x00820000         0x00000002         rw !x
lock             0x00830000         0x00000400         rw !x
signature        0x00840000         0x00000400         rw !x
user_signatures  0x00850000         0x00000400         rw !x
*default*        0x00000000         0xffffffff

Linker script and memory map

LOAD C:/Program Files (x86)/Atmel/Studio/7.0/Packs/atmel/ATmega_DFP/1.7.374/gcc/dev/atmega32/avr5/crtatmega32.o
LOAD APP/main.o
LOAD HAL/DCMOTOR/DCMOTOR_prog.o
LOAD HAL/KPD/KPD_prog.o
LOAD HAL/LCD/LCD_prog.o
LOAD HAL/LED/LED_prog.o
LOAD HAL/SSD/SSD_prog.o
LOAD MCAL/ADC/ADC_prog.o
LOAD MCAL/DIO/DIO_prog.o
LOAD MCAL/EXTI/EXTI_prog.o
LOAD MCAL/GI/GI_prog.o
LOAD MCAL/SPI/SPI_prog.o
LOAD MCAL/TIM0/TIM0_prog.o
LOAD MCAL/TIM1/TIM1_prog.o
LOAD MCAL/UART/UART_prog.o
LOAD MCAL/WDT/WDT_prog.o
START GROUP
LOAD c:/program files (x86)/atmel/studio/7.0/toolchain/avr8/avr8-gnu-toolchain/bin/../lib/gcc/avr/5.4.0/../../../../avr/lib/avr5\libm.a
END GROUP
START GROUP
LOAD c:/program files (x86)/atmel/studio/7.0/toolchain/avr8/avr8-gnu-toolchain/bin/../lib/gcc/avr/5.4.0/avr5\libgcc.a
LOAD c:/program files (x86)/atmel/studio/7.0/toolchain/avr8/avr8-gnu-toolchain/bin/../lib/gcc/avr/5.4.0/../../../../avr/lib/avr5\libm.a
LOAD c:/program files (x86)/atmel/studio/7.0/toolchain/avr8/avr8-gnu-toolchain/bin/../lib/gcc/avr/5.4.0/../../../../avr/lib/avr5\libc.a
LOAD C:/Program Files (x86)/Atmel/Studio/7.0/Packs/atmel/ATmega_DFP/1.7.374/gcc/dev/atmega32/avr5\libatmega32.a
END GROUP
                0x00000000                __TEXT_REGION_ORIGIN__ = DEFINED (__TEXT_REGION_ORIGIN__)?__TEXT_REGION_ORIGIN__:0x0
                [0x00800060]                __DATA_REGION_ORIGIN__ = DEFINED (__DATA_REGION_ORIGIN__)?__DATA_REGION_ORIGIN__:0x800060
                [0x00008000]                __TEXT_REGION_LENGTH__ = DEFINED (__TEXT_REGION_LENGTH__)?__TEXT_REGION_LENGTH__:0x20000
                [0x00000800]                __DATA_REGION_LENGTH__ = DEFINED (__DATA_REGION_LENGTH__)?__DATA_REGION_LENGTH__:0xffa0
                [0x00000400]                __EEPROM_REGION_LENGTH__ = DEFINED (__EEPROM_REGION_LENGTH__)?__EEPROM_REGION_LENGTH__:0x10000
                [0x00000002]                __FUSE_REGION_LENGTH__ = DEFINED (__FUSE_REGION_LENGTH__)?__FUSE_REGION_LENGTH__:0x400
                0x00000400                __LOCK_REGION_LENGTH__ = DEFINED (__LOCK_REGION_LENGTH__)?__LOCK_REGION_LENGTH__:0x400
                0x00000400                __SIGNATURE_REGION_LENGTH__ = DEFINED (__SIGNATURE_REGION_LENGTH__)?__SIGNATURE_REGION_LENGTH__:0x400
                0x00000400                __USER_SIGNATURE_REGION_LENGTH__ = DEFINED (__USER_SIGNATURE_REGION_LENGTH__)?__USER_SIGNATURE_REGION_LENGTH__:0x400

.hash
 *(.hash)

.dynsym
 *(.dynsym)

.dynstr
 *(.dynstr)

.gnu.version
 *(.gnu.version)

.gnu.version_d
 *(.gnu.version_d)

.gnu.version_r
 *(.gnu.version_r)

.rel.init
 *(.rel.init)

.rela.init
 *(.rela.init)

.rel.text
 *(.rel.text)
 *(.rel.text.*)
 *(.rel.gnu.linkonce.t*)

.rela.text
 *(.rela.text)
 *(.rela.text.*)
 *(.rela.gnu.linkonce.t*)

.rel.fini
 *(.rel.fini)

.rela.fini
 *(.rela.fini)

.rel.rodata
 *(.rel.rodata)
 *(.rel.rodata.*)
 *(.rel.gnu.linkonce.r*)

.rela.rodata
 *(.rela.rodata)
 *(.rela.rodata.*)
 *(.rela.gnu.linkonce.r*)

.rel.data
 *(.rel.data)
 *(.rel.data.*)
 *(.rel.gnu.linkonce.d*)

.rela.data
 *(.rela.data)
 *(.rela.data.*)
 *(.rela.gnu.linkonce.d*)

.rel.ctors
 *(.rel.ctors)

.rela.ctors
 *(.rela.ctors)

.rel.dtors
 *(.rel.dtors)

.rela.dtors
 *(.rela.dtors)

.rel.got
 *(.rel.got)

.rela.got
 *(.rela.got)

.rel.bss
 *(.rel.bss)

.rela.bss
 *(.rela.bss)

.rel.plt
 *(.rel.plt)

.rela.plt
 *(.rela.plt)

.text           0x00000000      0x4e0
 *(.vectors)
 .vectors       0x00000000       0x54 C:/Program Files (x86)/Atmel/Studio/7.0/Packs/atmel/ATmega_DFP/1.7.374/gcc/dev/atmega32/avr5/crtatmega32.o
                0x00000000                __vector_default
                0x00000000                __vectors
 *(.vectors)
 *(.progmem.gcc*)
                0x00000054                . = ALIGN (0x2)
                0x00000054                __trampolines_start = .
 *(.trampolines)
 .trampolines   0x00000054        0x0 linker stubs
 *(.trampolines*)
                0x00000054                __trampolines_end = .
 *libprintf_flt.a:*(.progmem.data)
 *libc.a:*(.progmem.data)
 *(.progmem*)
                0x00000054                . = ALIGN (0x2)
 *(.jumptables)
 *(.jumptables*)
 *(.lowtext)
 *(.lowtext*)
                0x00000054                __ctors_start = .
 *(.ctors)
                0x00000054                __ctors_end = .
                0x00000054                __dtors_start = .
 *(.dtors)
                0x00000054                __dtors_end = .
 SORT(*)(.ctors)
 SORT(*)(.dtors)
 *(.init0)
 .init0         0x00000054        0x0 C:/Program Files (x86)/Atmel/Studio/7.0/Packs/atmel/ATmega_DFP/1.7.374/gcc/dev/atmega32/avr5/crtatmega32.o
                0x00000054                __init
 *(.init0)
 *(.init1)
 *(.init1)
 *(.init2)
 .init2         0x00000054        0xc C:/Program Files (x86)/Atmel/Studio/7.0/Packs/atmel/ATmega_DFP/1.7.374/gcc/dev/atmega32/avr5/crtatmega32.o
 *(.init2)
 *(.init3)
 *(.init3)
 *(.init4)
 .init4         0x00000060       0x16 c:/program files (x86)/atmel/studio/7.0/toolchain/avr8/avr8-gnu-toolchain/bin/../lib/gcc/avr/5.4.0/avr5\libgcc.a(_copy_data.o)
                0x00000060                __do_copy_data
 .init4         0x00000076       0x10 c:/program files (x86)/atmel/studio/7.0/toolchain/avr8/avr8-gnu-toolchain/bin/../lib/gcc/avr/5.4.0/avr5\libgcc.a(_clear_bss.o)
                0x00000076                __do_clear_bss
 *(.init4)
 *(.init5)
 *(.init5)
 *(.init6)
 *(.init6)
 *(.init7)
 *(.init7)
 *(.init8)
 *(.init8)
 *(.init9)
 .init9         0x00000086        0x8 C:/Program Files (x86)/Atmel/Studio/7.0/Packs/atmel/ATmega_DFP/1.7.374/gcc/dev/atmega32/avr5/crtatmega32.o
 *(.init9)
 *(.text)
 .text          0x0000008e        0x4 C:/Program Files (x86)/Atmel/Studio/7.0/Packs/atmel/ATmega_DFP/1.7.374/gcc/dev/atmega32/avr5/crtatmega32.o
                0x0000008e                __vector_12
                0x0000008e                __bad_interrupt
                0x0000008e                __vector_11
                0x0000008e                __vector_13
                0x0000008e                __vector_17
                0x0000008e                __vector_19
                0x0000008e                __vector_7
                0x0000008e                __vector_5
                0x0000008e                __vector_4
                0x0000008e                __vector_9
                0x0000008e                __vector_15
                0x0000008e                __vector_8
                0x0000008e                __vector_14
                0x0000008e                __vector_18
                0x0000008e                __vector_20
                0x00000092                . = ALIGN (0x2)
 *(.text.*)
 .text.main     0x00000092       0x40 APP/main.o
                0x00000092                main
 .text.__vector_16
                0x000000d2       0x4e MCAL/ADC/ADC_prog.o
                0x000000d2                __vector_16
 .text.DIO_voidSetPinDir
                0x00000120       0xe0 MCAL/DIO/DIO_prog.o
                0x00000120                DIO_voidSetPinDir
 .text.DIO_voidSetPinVal
                0x00000200       0xe0 MCAL/DIO/DIO_prog.o
                0x00000200                DIO_voidSetPinVal
 .text.__vector_1
                0x000002e0       0x4e MCAL/EXTI/EXTI_prog.o
                0x000002e0                __vector_1
 .text.__vector_2
                0x0000032e       0x4e MCAL/EXTI/EXTI_prog.o
                0x0000032e                __vector_2
 .text.__vector_3
                0x0000037c       0x4e MCAL/EXTI/EXTI_prog.o
                0x0000037c                __vector_3
 .text.SPI_voidMasterInit
                0x000003ca       0x50 MCAL/SPI/SPI_prog.o
                0x000003ca                SPI_voidMasterInit
 .text.SPI_voidMasterSendData
                0x0000041a        0x8 MCAL/SPI/SPI_prog.o
                0x0000041a                SPI_voidMasterSendData
 .text.__vector_10
                0x00000422       0x4e MCAL/TIM0/TIM0_prog.o
                0x00000422                __vector_10
 .text.__vector_6
                0x00000470       0x4e MCAL/TIM1/TIM1_prog.o
                0x00000470                __vector_6
 .text.UART_voidInit
                0x000004be       0x16 MCAL/UART/UART_prog.o
                0x000004be                UART_voidInit
 .text.UART_u8RX
                0x000004d4        0x8 MCAL/UART/UART_prog.o
                0x000004d4                UART_u8RX
                0x000004dc                . = ALIGN (0x2)
 *(.fini9)
 .fini9         0x000004dc        0x0 c:/program files (x86)/atmel/studio/7.0/toolchain/avr8/avr8-gnu-toolchain/bin/../lib/gcc/avr/5.4.0/avr5\libgcc.a(_exit.o)
                0x000004dc                _exit
                0x000004dc                exit
 *(.fini9)
 *(.fini8)
 *(.fini8)
 *(.fini7)
 *(.fini7)
 *(.fini6)
 *(.fini6)
 *(.fini5)
 *(.fini5)
 *(.fini4)
 *(.fini4)
 *(.fini3)
 *(.fini3)
 *(.fini2)
 *(.fini2)
 *(.fini1)
 *(.fini1)
 *(.fini0)
 .fini0         0x000004dc        0x4 c:/program files (x86)/atmel/studio/7.0/toolchain/avr8/avr8-gnu-toolchain/bin/../lib/gcc/avr/5.4.0/avr5\libgcc.a(_exit.o)
 *(.fini0)
                0x000004e0                _etext = .

.data           0x00800060        0x0 load address 0x000004e0
                0x00800060                PROVIDE (__data_start, .)
 *(.data)
 *(.data*)
 *(.gnu.linkonce.d*)
 *(.rodata)
 *(.rodata*)
 *(.gnu.linkonce.r*)
                0x00800060                . = ALIGN (0x2)
                0x00800060                _edata = .
                0x00800060                PROVIDE (__data_end, .)

.bss            0x00800060        0xe
                0x00800060                PROVIDE (__bss_start, .)
 *(.bss)
 *(.bss*)
 .bss.ADC_PTR   0x00800060        0x2 MCAL/ADC/ADC_prog.o
                0x00800060                ADC_PTR
 .bss.EXPTR     0x00800062        0x6 MCAL/EXTI/EXTI_prog.o
                0x00800062                EXPTR
 .bss.TIM0_PTR  0x00800068        0x4 MCAL/TIM0/TIM0_prog.o
                0x00800068                TIM0_PTR
 .bss.TIM1PTR   0x0080006c        0x2 MCAL/TIM1/TIM1_prog.o
                0x0080006c                TIM1PTR
 *(COMMON)
                0x0080006e                PROVIDE (__bss_end, .)
                0x000004e0                __data_load_start = LOADADDR (.data)
                0x000004e0                __data_load_end = (__data_load_start + SIZEOF (.data))

.noinit         0x0080006e        0x0
                [!provide]                PROVIDE (__noinit_start, .)
 *(.noinit*)
                [!provide]                PROVIDE (__noinit_end, .)
                0x0080006e                _end = .
                [!provide]                PROVIDE (__heap_start, .)

.eeprom         0x00810000        0x0
 *(.eeprom*)
                0x00810000                __eeprom_end = .

.fuse
 *(.fuse)
 *(.lfuse)
 *(.hfuse)
 *(.efuse)

.lock
 *(.lock*)

.signature
 *(.signature*)

.user_signatures
 *(.user_signatures*)

.stab
 *(.stab)

.stabstr
 *(.stabstr)

.stab.excl
 *(.stab.excl)

.stab.exclstr
 *(.stab.exclstr)

.stab.index
 *(.stab.index)

.stab.indexstr
 *(.stab.indexstr)

.comment        0x00000000       0x30
 *(.comment)
 .comment       0x00000000       0x30 APP/main.o
                                 0x31 (size before relaxing)
 .comment       0x00000030       0x31 MCAL/ADC/ADC_prog.o
 .comment       0x00000030       0x31 MCAL/DIO/DIO_prog.o
 .comment       0x00000030       0x31 MCAL/EXTI/EXTI_prog.o
 .comment       0x00000030       0x31 MCAL/SPI/SPI_prog.o
 .comment       0x00000030       0x31 MCAL/TIM0/TIM0_prog.o
 .comment       0x00000030       0x31 MCAL/TIM1/TIM1_prog.o
 .comment       0x00000030       0x31 MCAL/UART/UART_prog.o

.note.gnu.avr.deviceinfo
                0x00000000       0x3c
 .note.gnu.avr.deviceinfo
                0x00000000       0x3c C:/Program Files (x86)/Atmel/Studio/7.0/Packs/atmel/ATmega_DFP/1.7.374/gcc/dev/atmega32/avr5/crtatmega32.o

.note.gnu.build-id
 *(.note.gnu.build-id)

.debug
 *(.debug)

.line
 *(.line)

.debug_srcinfo
 *(.debug_srcinfo)

.debug_sfnames
 *(.debug_sfnames)

.debug_aranges  0x00000000      0x238
 *(.debug_aranges)
 .debug_aranges
                0x00000000       0x20 APP/main.o
 .debug_aranges
                0x00000020       0x48 MCAL/ADC/ADC_prog.o
 .debug_aranges
                0x00000068       0x48 MCAL/DIO/DIO_prog.o
 .debug_aranges
                0x000000b0       0x70 MCAL/EXTI/EXTI_prog.o
 .debug_aranges
                0x00000120       0x38 MCAL/SPI/SPI_prog.o
 .debug_aranges
                0x00000158       0x38 MCAL/TIM0/TIM0_prog.o
 .debug_aranges
                0x00000190       0x70 MCAL/TIM1/TIM1_prog.o
 .debug_aranges
                0x00000200       0x38 MCAL/UART/UART_prog.o

.debug_pubnames
 *(.debug_pubnames)

.debug_info     0x00000000     0x123f
 *(.debug_info .gnu.linkonce.wi.*)
 .debug_info    0x00000000      0x4e6 C:/Program Files (x86)/Atmel/Studio/7.0/Packs/atmel/ATmega_DFP/1.7.374/gcc/dev/atmega32/avr5/crtatmega32.o
 .debug_info    0x000004e6      0x18c APP/main.o
 .debug_info    0x00000672      0x164 MCAL/ADC/ADC_prog.o
 .debug_info    0x000007d6      0x20e MCAL/DIO/DIO_prog.o
 .debug_info    0x000009e4      0x1dc MCAL/EXTI/EXTI_prog.o
 .debug_info    0x00000bc0      0x213 MCAL/SPI/SPI_prog.o
 .debug_info    0x00000dd3      0x15e MCAL/TIM0/TIM0_prog.o
 .debug_info    0x00000f31      0x1db MCAL/TIM1/TIM1_prog.o
 .debug_info    0x0000110c      0x133 MCAL/UART/UART_prog.o

.debug_abbrev   0x00000000      0xb61
 *(.debug_abbrev)
 .debug_abbrev  0x00000000      0x4a3 C:/Program Files (x86)/Atmel/Studio/7.0/Packs/atmel/ATmega_DFP/1.7.374/gcc/dev/atmega32/avr5/crtatmega32.o
 .debug_abbrev  0x000004a3       0xf9 APP/main.o
 .debug_abbrev  0x0000059c       0xd1 MCAL/ADC/ADC_prog.o
 .debug_abbrev  0x0000066d       0xc1 MCAL/DIO/DIO_prog.o
 .debug_abbrev  0x0000072e       0xd6 MCAL/EXTI/EXTI_prog.o
 .debug_abbrev  0x00000804       0xd7 MCAL/SPI/SPI_prog.o
 .debug_abbrev  0x000008db       0xda MCAL/TIM0/TIM0_prog.o
 .debug_abbrev  0x000009b5       0xe0 MCAL/TIM1/TIM1_prog.o
 .debug_abbrev  0x00000a95       0xcc MCAL/UART/UART_prog.o

.debug_line     0x00000000      0xd55
 *(.debug_line .debug_line.* .debug_line_end)
 .debug_line    0x00000000      0x116 C:/Program Files (x86)/Atmel/Studio/7.0/Packs/atmel/ATmega_DFP/1.7.374/gcc/dev/atmega32/avr5/crtatmega32.o
 .debug_line    0x00000116      0x19f APP/main.o
 .debug_line    0x000002b5      0x14e MCAL/ADC/ADC_prog.o
 .debug_line    0x00000403      0x1e3 MCAL/DIO/DIO_prog.o
 .debug_line    0x000005e6      0x223 MCAL/EXTI/EXTI_prog.o
 .debug_line    0x00000809      0x12d MCAL/SPI/SPI_prog.o
 .debug_line    0x00000936      0x139 MCAL/TIM0/TIM0_prog.o
 .debug_line    0x00000a6f      0x1e3 MCAL/TIM1/TIM1_prog.o
 .debug_line    0x00000c52      0x103 MCAL/UART/UART_prog.o

.debug_frame    0x00000000      0x550
 *(.debug_frame)
 .debug_frame   0x00000000       0x24 APP/main.o
 .debug_frame   0x00000024       0xbc MCAL/ADC/ADC_prog.o
 .debug_frame   0x000000e0       0x74 MCAL/DIO/DIO_prog.o
 .debug_frame   0x00000154      0x19c MCAL/EXTI/EXTI_prog.o
 .debug_frame   0x000002f0       0x54 MCAL/SPI/SPI_prog.o
 .debug_frame   0x00000344       0x9c MCAL/TIM0/TIM0_prog.o
 .debug_frame   0x000003e0      0x10c MCAL/TIM1/TIM1_prog.o
 .debug_frame   0x000004ec       0x64 MCAL/UART/UART_prog.o

.debug_str      0x00000000      0x81b
 *(.debug_str)
 .debug_str     0x00000000      0x196 C:/Program Files (x86)/Atmel/Studio/7.0/Packs/atmel/ATmega_DFP/1.7.374/gcc/dev/atmega32/avr5/crtatmega32.o
 .debug_str     0x00000196      0x1d2 APP/main.o
                                0x206 (size before relaxing)
 .debug_str     0x00000368       0x95 MCAL/ADC/ADC_prog.o
                                0x1f5 (size before relaxing)
 .debug_str     0x000003fd       0xe6 MCAL/DIO/DIO_prog.o
                                0x246 (size before relaxing)
 .debug_str     0x000004e3       0xe9 MCAL/EXTI/EXTI_prog.o
                                0x249 (size before relaxing)
 .debug_str     0x000005cc       0x88 MCAL/SPI/SPI_prog.o
                                0x263 (size before relaxing)
 .debug_str     0x00000654       0x76 MCAL/TIM0/TIM0_prog.o
                                0x1df (size before relaxing)
 .debug_str     0x000006ca       0xfc MCAL/TIM1/TIM1_prog.o
                                0x25c (size before relaxing)
 .debug_str     0x000007c6       0x55 MCAL/UART/UART_prog.o
                                0x1d2 (size before relaxing)

.debug_loc      0x00000000      0xb17
 *(.debug_loc)
 .debug_loc     0x00000000       0x66 APP/main.o
 .debug_loc     0x00000066      0x10d MCAL/ADC/ADC_prog.o
 .debug_loc     0x00000173      0x311 MCAL/DIO/DIO_prog.o
 .debug_loc     0x00000484      0x363 MCAL/EXTI/EXTI_prog.o
 .debug_loc     0x000007e7      0x179 MCAL/TIM0/TIM0_prog.o
 .debug_loc     0x00000960      0x105 MCAL/TIM1/TIM1_prog.o
 .debug_loc     0x00000a65       0xb2 MCAL/UART/UART_prog.o

.debug_macinfo
 *(.debug_macinfo)

.debug_weaknames
 *(.debug_weaknames)

.debug_funcnames
 *(.debug_funcnames)

.debug_typenames
 *(.debug_typenames)

.debug_varnames
 *(.debug_varnames)

.debug_pubtypes
 *(.debug_pubtypes)

.debug_ranges   0x00000000      0x1b8
 *(.debug_ranges)
 .debug_ranges  0x00000000       0x10 APP/main.o
 .debug_ranges  0x00000010       0x38 MCAL/ADC/ADC_prog.o
 .debug_ranges  0x00000048       0x38 MCAL/DIO/DIO_prog.o
 .debug_ranges  0x00000080       0x60 MCAL/EXTI/EXTI_prog.o
 .debug_ranges  0x000000e0       0x28 MCAL/SPI/SPI_prog.o
 .debug_ranges  0x00000108       0x28 MCAL/TIM0/TIM0_prog.o
 .debug_ranges  0x00000130       0x60 MCAL/TIM1/TIM1_prog.o
 .debug_ranges  0x00000190       0x28 MCAL/UART/UART_prog.o

.debug_macro
 *(.debug_macro)
OUTPUT(EM_585.elf elf32-avr)
LOAD linker stubs
